
> test
> npx tsx --test packages/core/src/__tests__/*.test.ts packages/bridge/src/__tests__/*.test.ts

▶ AdaptiveSettleDelay (PRD 012 Phase 2)
  ▶ initial state
    ✔ starts at 300ms initial delay (0.8637ms)
    ✔ has zero false positives (0.1933ms)
  ✔ initial state (1.6969ms)
  ▶ custom config
    ✔ respects custom initialDelayMs (0.24ms)
    ✔ respects custom maxDelayMs (0.3285ms)
  ✔ custom config (0.7393ms)
  ▶ false-positive detection
    ✔ detects false positive when data arrives within threshold (0.2709ms)
    ✔ backs off delay on false positive (0.1811ms)
    ✔ caps at maxDelayMs (0.1634ms)
    ✔ does not detect false positive without prior settle (0.1651ms)
    ✔ consumes the settle marker — second check is not a false positive (1.5291ms)
    ✔ does not detect false positive when data arrives after threshold (122.0735ms)
  ✔ false-positive detection (125.0043ms)
  ▶ backoff progression
    ✔ follows geometric backoff progression (0.4739ms)
    ✔ stays at maxDelayMs after hitting cap (0.2185ms)
  ✔ backoff progression (0.929ms)
  ▶ resetOnToolMarker()
    ✔ resets delay to initialDelayMs (0.3776ms)
    ✔ clears pending settle marker (0.2409ms)
    ✔ respects resetOnToolMarker=false config (0.1928ms)
  ✔ resetOnToolMarker() (1.0208ms)
  ▶ reset()
    ✔ resets all state (0.2613ms)
  ✔ reset() (0.3977ms)
  ▶ floorDelayMs
    ✔ never goes below floorDelayMs (0.213ms)
  ✔ floorDelayMs (0.2799ms)
✔ AdaptiveSettleDelay (PRD 012 Phase 2) (130.9664ms)
▶ parseAdaptiveSettleConfig
  ✔ returns defaults for empty env (0.1137ms)
  ✔ parses env overrides (0.0674ms)
✔ parseAdaptiveSettleConfig (0.2395ms)
▶ isAdaptiveSettleEnabled
  ✔ returns true by default (0.0862ms)
  ✔ returns true for explicit true (0.0493ms)
  ✔ returns false when disabled (1.0327ms)
✔ isAdaptiveSettleEnabled (1.2645ms)
▶ AdaptiveSettleDelay + DiagnosticsTracker integration
  ✔ diagnostics reports adaptive delay as current_settle_delay_ms (2.6369ms)
  ✔ diagnostics reports false_positive_settles from adaptive (0.7211ms)
  ✔ diagnostics recordPromptCompletion uses adaptive delay for overhead (0.65ms)
  ✔ diagnostics uses fixed delay when no adaptive settle (1.052ms)
✔ AdaptiveSettleDelay + DiagnosticsTracker integration (5.1931ms)
▶ Auto-Retro Generator (PRD 013)
  ▶ YAML generation
    ✔ writes retro file with correct structure (4.4517ms)
    ✔ includes auto-generated header comment (2.3434ms)
    ✔ includes placeholder sections (2.3117ms)
  ✔ YAML generation (9.7853ms)
  ▶ timing
    ✔ computes duration in minutes (2.9855ms)
    ✔ computes active vs idle minutes (2.303ms)
    ✔ clamps active minutes to zero when idle exceeds duration (2.3197ms)
    ✔ records spawned_at and terminated_at as ISO strings (2.2346ms)
    ✔ records termination reason (4.687ms)
  ✔ timing (14.8243ms)
  ▶ activity summary
    ✔ counts tool calls (2.3129ms)
    ✔ generates tool breakdown sorted by frequency (2.2849ms)
    ✔ shows empty tool_breakdown when no tool calls (3.1351ms)
    ✔ collects files touched from file_operation observations (2.7924ms)
    ✔ deduplicates files touched (2.0661ms)
    ✔ shows empty files_touched when no file operations (2.0049ms)
    ✔ records git commits (2.0914ms)
    ✔ shows empty git_commits when none (3.2668ms)
  ✔ activity summary (20.3103ms)
  ▶ quality
    ✔ reports tests_run: false when no test results (3.2401ms)
    ✔ reports last test result when tests were run (2.3174ms)
    ✔ reports build_succeeded from last build result (2.1135ms)
    ✔ reports build_succeeded: null when no builds (2.1064ms)
    ✔ counts errors observed (2.9122ms)
  ✔ quality (12.9542ms)
  ▶ YAML escaping
    ✔ escapes double quotes in session ID (3.1585ms)
    ✔ escapes backslashes in nickname (2.2694ms)
  ✔ YAML escaping (5.5361ms)
  ▶ error handling
    ✔ returns written: false when retros dir does not exist (1.5239ms)
  ✔ error handling (1.5837ms)
  ▶ filename sequencing
    ✔ starts at 001 (1.9804ms)
    ✔ increments sequence for same date (4.5837ms)
  ✔ filename sequencing (6.6524ms)
  ▶ comprehensive observation handling
    ✔ processes all observation categories in one retro (2.1576ms)
  ✔ comprehensive observation handling (2.2139ms)
✔ Auto-Retro Generator (PRD 013) (74.6268ms)
▶ Channel Infrastructure (PRD 008)
  ▶ createSessionChannels()
    ✔ creates progress and events channels with empty messages (0.9652ms)
    ✔ channels have correct names (0.1758ms)
    ✔ channels start with empty cursors (0.1149ms)
  ✔ createSessionChannels() (1.8363ms)
  ▶ appendMessage()
    ✔ appends a message with sequence starting at 1 (0.632ms)
    ✔ sequential appends get monotonically increasing sequences (0.25ms)
    ✔ message has correct ISO 8601 timestamp format (0.9117ms)
    ✔ message has correct sender, type, and content (0.5154ms)
    ✔ returns the sequence number (0.1455ms)
  ✔ appendMessage() (2.7207ms)
  ▶ readMessages()
    ✔ returns all messages when sinceSequence is 0 (0.3347ms)
    ✔ returns only messages after sinceSequence (0.1483ms)
    ✔ returns empty array when no messages match (0.1283ms)
    ✔ returns correct last_sequence (0.2051ms)
    ✔ returns sinceSequence as last_sequence when no messages match (0.1045ms)
    ✔ updates cursor when readerId is provided (0.0853ms)
    ✔ does not create cursor when readerId is omitted (0.1135ms)
    ✔ has_more is false (MVP — no pagination) (0.1132ms)
  ✔ readMessages() (1.4692ms)
  ▶ message cap (1000 limit)
    ✔ after 1001 appends, only 1000 messages remain (1.1285ms)
    ✔ the evicted message is the oldest (first appended) (1.0526ms)
    ✔ the newest message is preserved (1.5728ms)
  ✔ message cap (1000 limit) (3.8485ms)
  ▶ real scenario: methodology step progression
    ✔ simulates agent working through methodology steps (0.1698ms)
  ✔ real scenario: methodology step progression (0.2168ms)
  ▶ real scenario: event lifecycle
    ✔ tracks session events from start to completion (0.1225ms)
  ✔ real scenario: event lifecycle (0.1787ms)
  ▶ cursor isolation
    ✔ two readers have independent cursors on the same channel (0.1479ms)
  ✔ cursor isolation (0.1884ms)
✔ Channel Infrastructure (PRD 008) (11.104ms)
▶ ClaudeCodeProvider
  ▶ buildArgs()
    ✔ builds basic args with --print, -p, prompt, --output-format, --session-id, --permission-mode (1.1162ms)
    ✔ uses --resume instead of --session-id when resumeSessionId is set (0.1451ms)
    ✔ includes --max-budget-usd when set (0.1434ms)
    ✔ includes --append-system-prompt when set (0.132ms)
    ✔ includes --model when set (0.103ms)
    ✔ includes --verbose when set (0.0839ms)
    ✔ includes --include-partial-messages when set (0.1257ms)
    ✔ includes both --verbose and --include-partial-messages when both set (0.1122ms)
    ✔ appends additionalFlags (0.1062ms)
    ✔ uses custom permission mode when specified (0.1761ms)
    ✔ defaults to json output format when outputFormat is omitted (0.2005ms)
    ✔ respects explicit output format override (0.108ms)
    ✔ places --print and -p before the prompt (0.0881ms)
    ✔ does not include --max-budget-usd when not set (0.0633ms)
    ✔ does not include --model when not set (0.0656ms)
    ✔ does not include --verbose when not set (0.0586ms)
    ✔ does not include --append-system-prompt when not set (0.0692ms)
    ✔ does not include --include-partial-messages when not set (0.0792ms)
    ✔ includes --allowedTools when set (0.0969ms)
    ✔ does not include --allowedTools when not set (0.7716ms)
    ✔ does not include --allowedTools when set to empty array (0.0877ms)
  ✔ buildArgs() (4.9608ms)
✔ ClaudeCodeProvider (5.2832ms)
[AUDIT] Config reload at 2026-03-22T09:14:47.791Z
  User: test-user
  File: C:\Users\atfm0\AppData\Local\Temp\config-test-2hGilF\config.yaml
  Metadata: {}
  Changes:
    + key: "value"
    + count: 42

[AUDIT] Config reload at 2026-03-22T09:14:47.797Z
  User: test-user
  File: C:\Users\atfm0\AppData\Local\Temp\config-test-RXfkTr\config.yaml
  Metadata: {}
  Changes:
    ~ key: "old_value" → "new_value"
    ~ count: 1 → 2
    + extra: "field"

[AUDIT] Config reload at 2026-03-22T09:14:47.801Z
  User: system
  File: C:\Users\atfm0\AppData\Local\Temp\config-test-vy1aGs\config.yaml
  Metadata: {}
  Changes:
    ~ key: "old" → "new"
    ~ count: 1 → 2
    + extra: "field"

[AUDIT] Config reload at 2026-03-22T09:14:47.806Z
  User: system
  File: C:\Users\atfm0\AppData\Local\Temp\config-test-frBZUR\config.yaml
  Metadata: {}
  Changes:
    + key: "value"

[FileWatcher] Started watching C:\Users\atfm0\AppData\Local\Temp\watcher-test-uUXrVY (debounce: 50ms)
✔ validateConfig: Accepts valid config object (1.1397ms)
✔ validateConfig: Rejects non-object config (0.2612ms)
✔ validateConfig: Handles empty object (0.1311ms)
✔ reloadConfig: Creates config file with atomic rename (8.5405ms)
✔ reloadConfig: Updates existing config atomically (3.2718ms)
✔ reloadConfig: Generates diff for changed keys (3.1875ms)
✔ reloadConfig: Handles validation failure (0.9585ms)
✔ reloadConfig: Audit logs config changes (2.3194ms)
✔ reloadConfig: Cleans up temp file on failure (1.8442ms)
✔ loadConfig: Loads existing config file (1.3857ms)
✔ loadConfig: Returns empty config for missing file (0.2397ms)
[FileWatcher] Detected change: C:\Users\atfm0\AppData\Local\Temp\watcher-test-uUXrVY\manifest.yaml (rename)
[FileWatcher] Detected change: C:\Users\atfm0\AppData\Local\Temp\watcher-test-uUXrVY\manifest.yaml (change)
[FileWatcher] Stopped watching
[FileWatcher] Started watching C:\Users\atfm0\AppData\Local\Temp\watcher-test-Rqij7x (debounce: 100ms)
✔ FileWatcher: Detects manifest.yaml changes (216.489ms)
[FileWatcher] Detected change: C:\Users\atfm0\AppData\Local\Temp\watcher-test-Rqij7x\manifest.yaml (rename)
[FileWatcher] Detected change: C:\Users\atfm0\AppData\Local\Temp\watcher-test-Rqij7x\manifest.yaml (change)
[FileWatcher] Detected change: C:\Users\atfm0\AppData\Local\Temp\watcher-test-Rqij7x\manifest.yaml (change)
[FileWatcher] Detected change: C:\Users\atfm0\AppData\Local\Temp\watcher-test-Rqij7x\manifest.yaml (change)
[FileWatcher] Detected change: C:\Users\atfm0\AppData\Local\Temp\watcher-test-Rqij7x\manifest.yaml (change)
[FileWatcher] Detected change: C:\Users\atfm0\AppData\Local\Temp\watcher-test-Rqij7x\manifest.yaml (change)
[FileWatcher] Stopped watching
[FileWatcher] Started watching C:\Users\atfm0\AppData\Local\Temp\watcher-test-90sK9R (debounce: 50ms)
✔ FileWatcher: Debounces rapid file changes (262.6012ms)
[FileWatcher] Stopped watching
[FileWatcher] Started watching C:\Users\atfm0\AppData\Local\Temp\watcher-test-HWRy47 (debounce: 50ms)
[FileWatcher] Stopped watching
✔ FileWatcher: Ignores non-relevant files (156.3853ms)
[FileWatcher] Started watching C:\Users\atfm0\AppData\Local\Temp\watcher-test-8fx1QU (debounce: 50ms)
✔ FileWatcher: Handles stop gracefully (108.7077ms)
[FileWatcher] Detected change: C:\Users\atfm0\AppData\Local\Temp\watcher-test-8fx1QU\manifest.yaml (rename)
[FileWatcher] Detected change: C:\Users\atfm0\AppData\Local\Temp\watcher-test-8fx1QU\manifest.yaml (change)
[FileWatcher] Stopped watching
✔ FileWatcher: Prevents duplicate start (217.1076ms)
✔ validateConfig: Validates manifest structure with Zod (1.477ms)
✔ validateConfig: Rejects manifest with missing required manifest key (0.0965ms)
✔ validateConfig: Rejects manifest with invalid installed array (0.5889ms)
✔ validateConfig: Rejects entry with invalid type enum (0.3185ms)
✔ validateConfig: Accepts valid protocol entry (0.151ms)
✔ validateConfig: Accepts optional fields in entries (0.1376ms)
✔ validateConfig: Rejects manifest with missing project field (0.1417ms)
✔ validateConfig: Allows non-manifest objects without strict validation (0.0672ms)
[Cursor lock] Failed to acquire lock: Lock file is already being held
[Cursor cleanup] Job stopped
▶ Cursor File Lock (F-R-001)
  ▶ Concurrent cleanupOnce() calls
    ✖ Multiple concurrent cleanupOnce() calls do not corrupt file (49801.2382ms)
[Cursor lock] Failed to acquire lock: Lock file is already being held
[Cursor lock] Failed to acquire lock: Lock file is already being held
[Cursor lock] Failed to acquire lock: Lock file is already being held
[Cursor lock] Failed to acquire lock: Lock file is already being held
[Cursor cleanup] Job stopped
    ✖ Concurrent cleanups with different files do not interfere (12.2605ms)
  ✖ Concurrent cleanupOnce() calls (49814.4943ms)
[Cursor cleanup] Job stopped
  ▶ Lock acquisition and release
    ✖ Sequential cleanups acquire lock and release it properly (5.3587ms)
[Cursor cleanup] Job stopped
    ✖ Lock timeout prevents indefinite hangs (3.8455ms)
  ✖ Lock acquisition and release (9.6004ms)
[Cursor cleanup] Job stopped
  ▶ Race condition prevention
    ✖ File corruption does not occur during concurrent writes (9.8192ms)
[Cursor cleanup] Job stopped
    ✖ Reads and writes interleaved do not lose data (7.0391ms)
  ✖ Race condition prevention (17.3056ms)
[Cursor cleanup] Job stopped
  ▶ File consistency under load
    ✖ 1000 rapid concurrent cleanups maintain file integrity (10.5824ms)
[Cursor cleanup] Job stopped
    ✖ Lock does not accumulate stale lock files (3.1607ms)
  ✖ File consistency under load (14.0754ms)
✖ Cursor File Lock (F-R-001) (49856.4871ms)
[Cursor lock] Failed to acquire lock: ENOENT: no such file or directory, mkdir 'C:\Users\atfm0\Repositories\method\.test-cursors-lock\test-cursors.yaml.lock'
[Cursor lock] Failed to acquire lock: ENOENT: no such file or directory, mkdir 'C:\Users\atfm0\Repositories\method\.test-cursors-lock\test-cursors.yaml.lock'
[Cursor lock] Failed to acquire lock: ENOENT: no such file or directory, mkdir 'C:\Users\atfm0\Repositories\method\.test-cursors-lock\test-cursors.yaml.lock'
[Cursor lock] Failed to acquire lock: ENOENT: no such file or directory, mkdir 'C:\Users\atfm0\Repositories\method\.test-cursors-lock\test-cursors.yaml.lock'
[Cursor lock] Failed to acquire lock: ENOENT: no such file or directory, mkdir 'C:\Users\atfm0\Repositories\method\.test-cursors-lock\test-cursors.yaml.lock'
[Cursor lock] Failed to acquire lock: ENOENT: no such file or directory, mkdir 'C:\Users\atfm0\Repositories\method\.test-cursors-lock\test-cursors.yaml.lock'
[Cursor lock] Failed to acquire lock: ENOENT: no such file or directory, mkdir 'C:\Users\atfm0\Repositories\method\.test-cursors-lock\test-cursors.yaml.lock'
[Cursor lock] Failed to acquire lock: ENOENT: no such file or directory, mkdir 'C:\Users\atfm0\Repositories\method\.test-cursors-lock\test-cursors.yaml.lock'
[Cursor lock] Failed to acquire lock: ENOENT: no such file or directory, mkdir 'C:\Users\atfm0\Repositories\method\.test-cursors-lock\test-cursors.yaml.lock'
[Cursor lock] Failed to acquire lock: ENOENT: no such file or directory, mkdir 'C:\Users\atfm0\Repositories\method\.test-cursors-lock\test-cursors.yaml.lock'
[Cursor lock] Failed to acquire lock: ENOENT: no such file or directory, mkdir 'C:\Users\atfm0\Repositories\method\.test-cursors-lock\test-cursors.yaml.lock'
[Cursor lock] Failed to acquire lock: ENOENT: no such file or directory, mkdir 'C:\Users\atfm0\Repositories\method\.test-cursors-lock\test-cursors.yaml.lock'
[Cursor lock] Failed to acquire lock: ENOENT: no such file or directory, mkdir 'C:\Users\atfm0\Repositories\method\.test-cursors-lock\test-cursors.yaml.lock'
[Cursor lock] Failed to acquire lock: ENOENT: no such file or directory, mkdir 'C:\Users\atfm0\Repositories\method\.test-cursors-lock\test-cursors.yaml.lock'
[Cursor lock] Failed to acquire lock: ENOENT: no such file or directory, mkdir 'C:\Users\atfm0\Repositories\method\.test-cursors-lock\test-cursors.yaml.lock'
[Cursor lock] Failed to acquire lock: ENOENT: no such file or directory, mkdir 'C:\Users\atfm0\Repositories\method\.test-cursors-lock\test-cursors.yaml.lock'
[Cursor lock] Failed to acquire lock: ENOENT: no such file or directory, mkdir 'C:\Users\atfm0\Repositories\method\.test-cursors-lock\test-cursors.yaml.lock'
[Cursor lock] Failed to acquire lock: ENOENT: no such file or directory, mkdir 'C:\Users\atfm0\Repositories\method\.test-cursors-lock\test-cursors.yaml.lock'
[Cursor lock] Failed to acquire lock: ENOENT: no such file or directory, mkdir 'C:\Users\atfm0\Repositories\method\.test-cursors-lock\test-cursors.yaml.lock'
[Cursor lock] Failed to acquire lock: ENOENT: no such file or directory, mkdir 'C:\Users\atfm0\Repositories\method\.test-cursors-lock\test-cursors.yaml.lock'
[Cursor lock] Failed to acquire lock: ENOENT: no such file or directory, mkdir 'C:\Users\atfm0\Repositories\method\.test-cursors-lock\test-cursors.yaml.lock'
[Cursor lock] Failed to acquire lock: ENOENT: no such file or directory, mkdir 'C:\Users\atfm0\Repositories\method\.test-cursors-lock\test-cursors.yaml.lock'
[Cursor lock] Failed to acquire lock: ENOENT: no such file or directory, mkdir 'C:\Users\atfm0\Repositories\method\.test-cursors-lock\test-cursors.yaml.lock'
[Cursor lock] Failed to acquire lock: ENOENT: no such file or directory, mkdir 'C:\Users\atfm0\Repositories\method\.test-cursors-lock\test-cursors.yaml.lock'
[Cursor lock] Failed to acquire lock: ENOENT: no such file or directory, mkdir 'C:\Users\atfm0\Repositories\method\.test-cursors-lock\test-cursors.yaml.lock'
[Cursor lock] Failed to acquire lock: ENOENT: no such file or directory, mkdir 'C:\Users\atfm0\Repositories\method\.test-cursors-lock\test-cursors.yaml.lock'
[Cursor lock] Failed to acquire lock: ENOENT: no such file or directory, mkdir 'C:\Users\atfm0\Repositories\method\.test-cursors-lock\test-cursors.yaml.lock'
[Cursor lock] Failed to acquire lock: ENOENT: no such file or directory, mkdir 'C:\Users\atfm0\Repositories\method\.test-cursors-lock\test-cursors.yaml.lock'
[Cursor lock] Failed to acquire lock: ENOENT: no such file or directory, mkdir 'C:\Users\atfm0\Repositories\method\.test-cursors-lock\test-cursors.yaml.lock'
[Cursor lock] Failed to acquire lock: ENOENT: no such file or directory, mkdir 'C:\Users\atfm0\Repositories\method\.test-cursors-lock\test-cursors.yaml.lock'
[Cursor lock] Failed to acquire lock: ENOENT: no such file or directory, mkdir 'C:\Users\atfm0\Repositories\method\.test-cursors-lock\test-cursors.yaml.lock'
[Cursor lock] Failed to acquire lock: ENOENT: no such file or directory, mkdir 'C:\Users\atfm0\Repositories\method\.test-cursors-lock\test-cursors.yaml.lock'
ℹ Error: Test "Concurrent cleanups with different files do not interfere" at packages\bridge\src\__tests__\cursor-file-lock.test.ts:1:1944 generated asynchronous activity after the test ended. This activity created the error "TypeError [ERR_INVALID_ARG_TYPE]: The "path" argument must be of type string or an instance of Buffer or URL. Received function " and would have caused the test to fail, but instead triggered an uncaughtException event.
Genesis: Cleaned up 2 stale cursor(s)
Genesis: Cleaned up 1 stale cursor(s)
▶ Cursor Lifecycle & TTL Cleanup Tests
  ▶ Cursor generation and lookup
    ✔ generateCursor() creates valid cursor string (2.0395ms)
    ✔ getCursorForProject(projectId) returns generated cursor (2.0959ms)
    ✔ getCursorForProject(nonexistent) returns empty string (1.6361ms)
    ✔ parseCursor() correctly extracts event index (1.1803ms)
    ✔ parseCursor(invalid) returns default index 0 (0.8674ms)
  ✔ Cursor generation and lookup (8.66ms)
  ▶ 24-hour client cursor expiry
    ✔ Cursor created at time T should be valid at T+23h (0.9388ms)
    ✔ Cursor created at time T should expire after T+25h (0.7806ms)
    ✔ generateCursor() cleanup removes >24h cursors during generation (0.894ms)
  ✔ 24-hour client cursor expiry (2.8504ms)
  ▶ 7-day Genesis cursor retention
    ✔ Genesis cursors persist longer than client cursors (7-day TTL) (0.9986ms)
    ✔ getGenessiCursorForProject() follows 7-day rule (0.8347ms)
    ✔ Internal cursors are stored separately with different expiry (0.6918ms)
  ✔ 7-day Genesis cursor retention (2.6654ms)
  ▶ Cleanup of stale cursors
    ✔ cleanupStaleCursors() removes entries >24h old (client cursors) (0.7478ms)
    ✔ After cleanup, getCursorForProject returns empty string for expired entries (0.6762ms)
    ✔ Active cursors <24h/7d remain unaffected by cleanup (0.7115ms)
    ✔ cleanupStaleCursors() logs number of removed entries (1.0253ms)
  ✔ Cleanup of stale cursors (3.2912ms)
  ▶ Concurrent cursor operations
    ✔ Multiple generateCursor() calls do not collide (3.0393ms)
    ✔ Concurrent lookups during cleanup do not crash (1.693ms)
    ✔ Update cursor while cleanup is running (race condition safety) (0.7561ms)
    ✔ getCursorForProject() is idempotent (0.6493ms)
  ✔ Concurrent cursor operations (6.2748ms)
  ▶ Cursor serialization and persistence
    ✔ Cursors can be saved and loaded from file (5.0192ms)
    ✔ Non-existent cursor file loads as empty state (0.7103ms)
    ✔ Cursor object includes version field for Phase 3 migration (0.6991ms)
  ✔ Cursor serialization and persistence (6.5492ms)
✔ Cursor Lifecycle & TTL Cleanup Tests (30.912ms)
[Cursor cleanup] Job started (interval: 100ms)
[Cursor cleanup] Job stopped
[Cursor cleanup] Job started (interval: 100ms)
[Cursor cleanup] Job stopped
[Cursor cleanup] Job stopped
[Cursor cleanup] Job started (interval: 100ms)
[Cursor cleanup] Job stopped
[Cursor cleanup] Job stopped
[Cursor cleanup] Job stopped
[Cursor cleanup] Job stopped
[Cursor cleanup] Job started (interval: 100ms)
[Cursor cleanup] Job stopped
[Cursor cleanup] Job started (interval: 100ms)
[Cursor cleanup] Job stopped
[Cursor cleanup] Job stopped
▶ Cursor Maintenance Job
  ▶ Job lifecycle (start/stop)
    ✔ Job can be started (3.3676ms)
    ✔ Job can be stopped cleanly (1.3792ms)
    ✔ Starting an already-running job is a no-op (1.4305ms)
    ✔ Stopping a stopped job is a no-op (0.9431ms)
    ✔ Job can be restarted after being stopped (1.2078ms)
  ✔ Job lifecycle (start/stop) (9.3288ms)
[Cursor cleanup] Job already running
[Cursor lock] Failed to acquire lock: Lock file is already being held
[Cursor cleanup] Job stopped
  ▶ Cleanup logic
    ✖ Removes cursors > 7 days old (49942.3032ms)
[Cursor lock] Failed to acquire lock: Lock file is already being held
[Cursor cleanup] Job stopped
    ✖ Preserves cursors < 7 days old (49879.0643ms)
[Cursor lock] Failed to acquire lock: ENOENT: no such file or directory, lstat 'C:\Users\atfm0\Repositories\method\.test-cursors-maintenance\test-cursors.yaml'
[Cursor cleanup] Job stopped
    ✖ Handles empty cursor file gracefully (5.0357ms)
[Cursor lock] Failed to acquire lock: ENOENT: no such file or directory, lstat 'C:\Users\atfm0\Repositories\method\.test-cursors-maintenance\nonexistent'
[Cursor cleanup] Job stopped
[Cursor cleanup] Job started (interval: 50ms)
    ✖ Handles missing cursor file gracefully (3.7207ms)
  ✖ Cleanup logic (99830.6868ms)
[Cursor cleanup] Job stopped
[Cursor cleanup] Job stopped
  ▶ Scheduled cleanup (interval timer)
    ✖ Cleanup runs at specified interval (162.4114ms)
[Cursor lock] Failed to acquire lock: Lock file is already being held
[Cursor cleanup] Cleanup failed: Lock file is already being held
[Cursor lock] Failed to acquire lock: Lock file is already being held
[Cursor cleanup] Cleanup failed: Lock file is already being held
[Cursor lock] Failed to acquire lock: Lock file is already being held
[Cursor cleanup] Job stopped
    ✖ getLastCleanupAt() returns timestamp after cleanup runs (49916.4992ms)
  ✖ Scheduled cleanup (interval timer) (50079.2847ms)
[Cursor cleanup] Job stopped
  ▶ Edge cases and TTL boundaries
    ✖ Cursor at exactly 7 days is removed (6.8063ms)
[Cursor cleanup] Job stopped
    ✖ Cursor at 6 days is kept (4.0327ms)
[Cursor cleanup] Job stopped
    ✖ Handles multiple cursors with mixed ages (9.1035ms)
  ✖ Edge cases and TTL boundaries (20.3277ms)
[Cursor lock] Failed to acquire lock: ENOENT: no such file or directory, lstat 'C:\Users\atfm0\Repositories\method\.test-cursors-maintenance\test-cursors.yaml'
[Cursor cleanup] Job stopped
  ▶ File persistence and atomicity
    ✖ Cleanup creates cursor file with empty cursors list (4.0375ms)
[Cursor lock] Failed to acquire lock: ENOENT: no such file or directory, mkdir 'C:\Users\atfm0\Repositories\method\.test-cursors-maintenance\test-cursors.yaml.lock'
[Cursor cleanup] Job stopped
    ✖ Saves cleanup result atomically (no temp file left behind) (49869.5648ms)
[Cursor cleanup] Job stopped
    ✖ Preserves YAML structure after cleanup (5.5407ms)
  ✖ File persistence and atomicity (49879.5414ms)
[Cursor cleanup] Job stopped
  ▶ Concurrency and thread safety
    ✖ Multiple cleanupOnce() calls do not corrupt file (5.3338ms)
  ✖ Concurrency and thread safety (5.6215ms)
[Cursor cleanup] Job stopped
  ▶ Integration scenarios
    ✖ Job can run while polling loop writes to file (11.4525ms)
  ✖ Integration scenarios (11.887ms)
✖ Cursor Maintenance Job (199837.7591ms)
[Cursor lock] Failed to release lock: ENOENT: no such file or directory, lstat 'C:\Users\atfm0\Repositories\method\.test-cursors-maintenance\test-cursors.yaml'
[Cursor lock] Failed to acquire lock: ENOENT: no such file or directory, mkdir 'C:\Users\atfm0\Repositories\method\.test-cursors-maintenance\test-cursors.yaml.lock'
▶ Cursor Manager Concurrency Tests
  ▶ CursorFileLock
    ✖ should acquire and release lock successfully (7.0157ms)
    ✖ should run exclusive function with lock (4.0021ms)
    ✖ should handle errors in exclusive function (5.0434ms)
  ✖ CursorFileLock (16.9453ms)
  ▶ F-T-003: Cursor Manager Concurrent Operations
    ✖ F-T-003a: should handle 10 concurrent generateCursor-like operations (16.8741ms)
[Cursor lock] Failed to acquire lock: ENOENT: no such file or directory, lstat 'C:\Users\atfm0\AppData\Local\Temp\cursor-manager-test-55d7a74b-ae51-4626-9ddd-a3cdd9e1336d\genesis-cursors.yaml'
[Cursor lock] Failed to acquire lock: ENOENT: no such file or directory, lstat 'C:\Users\atfm0\AppData\Local\Temp\cursor-manager-test-101f4052-23d1-410a-9c77-a4819f78a1ff\genesis-cursors.yaml'
[Cursor lock] Failed to acquire lock: ENOENT: no such file or directory, lstat 'C:\Users\atfm0\AppData\Local\Temp\cursor-manager-test-3775fc9e-19b1-4a17-8611-585b634641d0\genesis-cursors.yaml'
[Cursor lock] Failed to acquire lock: ENOENT: no such file or directory, mkdir 'C:\Users\atfm0\AppData\Local\Temp\cursor-manager-test-926da4fd-4a81-4cde-9482-009f1ea31204\genesis-cursors.yaml.lock'
[Cursor lock] Failed to acquire lock: ENOENT: no such file or directory, mkdir 'C:\Users\atfm0\AppData\Local\Temp\cursor-manager-test-926da4fd-4a81-4cde-9482-009f1ea31204\genesis-cursors.yaml.lock'
[Cursor lock] Failed to acquire lock: ENOENT: no such file or directory, mkdir 'C:\Users\atfm0\AppData\Local\Temp\cursor-manager-test-926da4fd-4a81-4cde-9482-009f1ea31204\genesis-cursors.yaml.lock'
[Cursor lock] Failed to acquire lock: ENOENT: no such file or directory, mkdir 'C:\Users\atfm0\AppData\Local\Temp\cursor-manager-test-926da4fd-4a81-4cde-9482-009f1ea31204\genesis-cursors.yaml.lock'
[Cursor lock] Failed to acquire lock: ENOENT: no such file or directory, mkdir 'C:\Users\atfm0\AppData\Local\Temp\cursor-manager-test-926da4fd-4a81-4cde-9482-009f1ea31204\genesis-cursors.yaml.lock'
[Cursor lock] Failed to acquire lock: ENOENT: no such file or directory, mkdir 'C:\Users\atfm0\AppData\Local\Temp\cursor-manager-test-926da4fd-4a81-4cde-9482-009f1ea31204\genesis-cursors.yaml.lock'
[Cursor lock] Failed to acquire lock: ENOENT: no such file or directory, mkdir 'C:\Users\atfm0\AppData\Local\Temp\cursor-manager-test-926da4fd-4a81-4cde-9482-009f1ea31204\genesis-cursors.yaml.lock'
[Cursor lock] Failed to acquire lock: ENOENT: no such file or directory, mkdir 'C:\Users\atfm0\AppData\Local\Temp\cursor-manager-test-926da4fd-4a81-4cde-9482-009f1ea31204\genesis-cursors.yaml.lock'
[Cursor lock] Failed to acquire lock: ENOENT: no such file or directory, mkdir 'C:\Users\atfm0\AppData\Local\Temp\cursor-manager-test-926da4fd-4a81-4cde-9482-009f1ea31204\genesis-cursors.yaml.lock'
[Cursor lock] Failed to acquire lock: Lock file is already being held
[Cursor lock] Failed to acquire lock: Lock file is already being held
[Cursor lock] Failed to acquire lock: Lock file is already being held
[Cursor lock] Failed to acquire lock: Lock file is already being held
[Cursor lock] Failed to acquire lock: Lock file is already being held
    ✖ F-T-003b: should handle concurrent cleanup operations without race conditions (49867.3119ms)
[Cursor lock] Failed to release lock: ENOENT: no such file or directory, lstat 'C:\Users\atfm0\AppData\Local\Temp\cursor-manager-test-e04a8b96-91e3-4cb1-aa4f-a2cd551f74b4\genesis-cursors.yaml'
    ✖ F-T-003c: should maintain file consistency under mixed concurrent load (8.4141ms)
    ✖ F-T-003d: should verify lock actually prevents race conditions (22.7665ms)
  ✖ F-T-003: Cursor Manager Concurrent Operations (49915.9552ms)
✖ Cursor Manager Concurrency Tests (49933.373ms)
[Cursor lock] Lock compromised: ENOENT: no such file or directory, stat 'C:\Users\atfm0\AppData\Local\Temp\cursor-manager-test-e04a8b96-91e3-4cb1-aa4f-a2cd551f74b4\genesis-cursors.yaml.lock'
[Cursor lock] Failed to acquire lock: ENOENT: no such file or directory, mkdir 'C:\Users\atfm0\AppData\Local\Temp\cursor-manager-test-136bda79-895d-4904-8a15-60902358aee7\genesis-cursors.yaml.lock'
[Cursor lock] Failed to acquire lock: ENOENT: no such file or directory, mkdir 'C:\Users\atfm0\AppData\Local\Temp\cursor-manager-test-136bda79-895d-4904-8a15-60902358aee7\genesis-cursors.yaml.lock'
[Cursor lock] Failed to acquire lock: ENOENT: no such file or directory, mkdir 'C:\Users\atfm0\AppData\Local\Temp\cursor-manager-test-136bda79-895d-4904-8a15-60902358aee7\genesis-cursors.yaml.lock'
[Cursor lock] Failed to acquire lock: ENOENT: no such file or directory, mkdir 'C:\Users\atfm0\AppData\Local\Temp\cursor-manager-test-136bda79-895d-4904-8a15-60902358aee7\genesis-cursors.yaml.lock'
[Cursor lock] Failed to acquire lock: ENOENT: no such file or directory, mkdir 'C:\Users\atfm0\AppData\Local\Temp\cursor-manager-test-136bda79-895d-4904-8a15-60902358aee7\genesis-cursors.yaml.lock'
[Cursor lock] Failed to acquire lock: ENOENT: no such file or directory, mkdir 'C:\Users\atfm0\AppData\Local\Temp\cursor-manager-test-136bda79-895d-4904-8a15-60902358aee7\genesis-cursors.yaml.lock'
[Cursor lock] Failed to acquire lock: ENOENT: no such file or directory, mkdir 'C:\Users\atfm0\AppData\Local\Temp\cursor-manager-test-54b26c0c-9ab5-41b7-aa64-9072cfa26c31\genesis-cursors.yaml.lock'
[Cursor lock] Failed to acquire lock: ENOENT: no such file or directory, mkdir 'C:\Users\atfm0\AppData\Local\Temp\cursor-manager-test-54b26c0c-9ab5-41b7-aa64-9072cfa26c31\genesis-cursors.yaml.lock'
[Cursor lock] Failed to acquire lock: ENOENT: no such file or directory, mkdir 'C:\Users\atfm0\AppData\Local\Temp\cursor-manager-test-136bda79-895d-4904-8a15-60902358aee7\genesis-cursors.yaml.lock'
[Cursor lock] Failed to acquire lock: ENOENT: no such file or directory, mkdir 'C:\Users\atfm0\AppData\Local\Temp\cursor-manager-test-136bda79-895d-4904-8a15-60902358aee7\genesis-cursors.yaml.lock'
[Cursor lock] Failed to acquire lock: ENOENT: no such file or directory, mkdir 'C:\Users\atfm0\AppData\Local\Temp\cursor-manager-test-54b26c0c-9ab5-41b7-aa64-9072cfa26c31\genesis-cursors.yaml.lock'
[Cursor lock] Failed to acquire lock: ENOENT: no such file or directory, mkdir 'C:\Users\atfm0\AppData\Local\Temp\cursor-manager-test-136bda79-895d-4904-8a15-60902358aee7\genesis-cursors.yaml.lock'
[Cursor lock] Failed to acquire lock: ENOENT: no such file or directory, mkdir 'C:\Users\atfm0\AppData\Local\Temp\cursor-manager-test-54b26c0c-9ab5-41b7-aa64-9072cfa26c31\genesis-cursors.yaml.lock'
✔ GET /api/projects returns all discovered projects (1.1803ms)
✔ GET /api/projects includes project metadata fields (0.1929ms)
✔ GET /api/events returns events with cursor-based pagination (0.1571ms)
✔ GET /api/events supports project_id filter (0.1347ms)
✔ GET /api/events supports since_cursor pagination (0.1096ms)
✔ Event stream: Filter by project_id (0.1153ms)
✔ Event stream: Identify Genesis events (0.1171ms)
✔ Event stream: Sort events newest first (0.1297ms)
✔ Event stream: Limit display to last 50 events (0.2698ms)
✔ Cursor management: Persist cursor to localStorage (0.1772ms)
✔ Cursor management: Load cursor from localStorage on mount (0.1121ms)
✔ Cursor management: Different cursors per project filter (0.1484ms)
✔ Session isolation: Dashboard shows sessions only for project_id (0.1709ms)
✔ Session isolation: Cross-project access denied (0.0779ms)
✔ Session isolation: Root session (Genesis) can access all events (0.1092ms)
✔ Project list: Displays status color correctly (0.1185ms)
✔ Project list: Formats discovered_at timestamp (0.0872ms)
✔ Project list: Filters projects by status (0.0972ms)
✔ Error handling: 403 Forbidden for cross-project access attempt (0.0902ms)
✔ Error handling: 404 Not Found for missing project (0.0803ms)
✔ Error handling: Poll retry on network error (0.1019ms)
✔ Genesis integration: Highlight Genesis events in stream (0.0667ms)
✔ Genesis integration: Genesis events include timestamp and data (0.0642ms)
✔ Genesis integration: Filter Genesis events separately (0.0549ms)
▶ Dashboard Formatting Helpers (PRD 013)
  ▶ formatTokens
    ✔ returns "0" for zero (0.9712ms)
    ✔ returns raw number below 1000 (0.1913ms)
    ✔ formats thousands with k suffix (0.1328ms)
    ✔ formats millions with M suffix (0.1611ms)
  ✔ formatTokens (2.6035ms)
  ▶ formatUptime
    ✔ shows minutes only when under 1 hour (0.2669ms)
    ✔ shows 0m for just started (0.1627ms)
    ✔ shows hours and minutes (0.1889ms)
    ✔ shows 1h 0m for exactly one hour (0.189ms)
  ✔ formatUptime (1.1534ms)
  ▶ formatStartedAt
    ✔ formats date as YYYY-MM-DD HH:MM:SS (0.5036ms)
    ✔ pads single-digit values with zeros (0.2458ms)
  ✔ formatStartedAt (0.9039ms)
  ▶ formatTimeAgo
    ✔ returns "now" for less than 5 seconds (0.2108ms)
    ✔ returns seconds ago for < 60s (0.0909ms)
    ✔ returns minutes ago for < 60m (0.0789ms)
    ✔ returns hours ago for >= 60m (0.0792ms)
    ✔ boundary: 59s shows seconds (0.0791ms)
    ✔ boundary: 60s shows 1m (0.0723ms)
  ✔ formatTimeAgo (0.8662ms)
  ▶ formatTimeUntil
    ✔ returns "now" for past timestamps (0.3862ms)
    ✔ returns minutes for < 1 hour (0.1066ms)
    ✔ returns hours and minutes for < 24 hours (0.2162ms)
    ✔ returns days and hours for >= 24 hours (0.1175ms)
  ✔ formatTimeUntil (1.0169ms)
  ▶ meterClass
    ✔ returns "healthy" below 60 (0.1533ms)
    ✔ returns "warning" at 60-84 (0.0807ms)
    ✔ returns "critical" at 85+ (0.0714ms)
  ✔ meterClass (0.4705ms)
  ▶ cacheRateClass
    ✔ returns "low" below 40 (0.1487ms)
    ✔ returns "mid" at 40-69 (0.0701ms)
    ✔ returns "good" at 70+ (0.065ms)
  ✔ cacheRateClass (0.3953ms)
  ▶ statusBadgeClass
    ✔ maps known statuses (0.1314ms)
    ✔ defaults to status-init for unknown status (0.1058ms)
  ✔ statusBadgeClass (0.3319ms)
  ▶ escapeHtml
    ✔ escapes ampersand (0.3052ms)
    ✔ escapes less-than (0.1267ms)
    ✔ escapes greater-than (0.0904ms)
    ✔ escapes double quotes (0.0852ms)
    ✔ escapes all special characters together (0.0808ms)
    ✔ returns empty string unchanged (0.0701ms)
    ✔ returns plain text unchanged (0.0677ms)
  ✔ escapeHtml (2.4567ms)
  ▶ summarizeEventContent
    ✔ returns empty string for empty content (0.3219ms)
    ✔ returns empty string for null/undefined (0.1005ms)
    ✔ extracts result field (0.1348ms)
    ✔ extracts error_message field (0.131ms)
    ✔ extracts escalation_question field (0.1106ms)
    ✔ extracts description field (0.082ms)
    ✔ truncates long values at 80 chars (0.1142ms)
    ✔ falls back to first value for unknown fields (0.0965ms)
    ✔ truncates fallback values at 60 chars (0.0933ms)
    ✔ prefers result over other fields (0.0789ms)
  ✔ summarizeEventContent (1.6291ms)
✔ Dashboard Formatting Helpers (PRD 013) (13.1197ms)
▶ Dashboard Render Functions (PRD 013)
  ▶ renderSubscriptionPanel
    ✔ shows not_configured message when no token (0.3644ms)
    ✔ shows scope_error message on 403 (0.0896ms)
    ✔ shows network_error message (0.0747ms)
    ✔ shows loading message during polling (0.0715ms)
    ✔ returns empty string for unknown status without usage (0.0671ms)
    ✔ renders usage meters when data is available (0.3398ms)
    ✔ applies correct meter classes based on utilization (0.17ms)
  ✔ renderSubscriptionPanel (1.4069ms)
  ▶ renderSessionRows
    ✔ shows empty message when no sessions (0.6437ms)
    ✔ renders a single session row (0.6767ms)
    ✔ shows token data when available (0.2625ms)
    ✔ shows dash when no token data (0.1953ms)
    ✔ renders depth badge for child sessions (0.2213ms)
    ✔ orders sessions as tree: parents before children (0.1942ms)
    ✔ shows methodology session ID when present (0.183ms)
    ✔ shows workdir short name (0.2045ms)
    ✔ includes detail row with diagnostics (0.2031ms)
    ✔ shows stall reason when present (0.1858ms)
  ✔ renderSessionRows (3.3303ms)
✔ Dashboard Render Functions (PRD 013) (4.8735ms)
▶ DiagnosticsTracker (PRD 012)
  ▶ initial state
    ✔ returns null for timing fields before any output (0.82ms)
  ✔ initial state (1.4612ms)
  ▶ recordFirstOutput()
    ✔ records time_to_first_output_ms (0.26ms)
    ✔ only records the first output (0.1655ms)
  ✔ recordFirstOutput() (0.5433ms)
  ▶ recordToolCall()
    ✔ increments tool_call_count (0.2764ms)
    ✔ records time_to_first_tool_ms (0.1673ms)
    ✔ only records timing for first tool call (0.1738ms)
  ✔ recordToolCall() (0.7775ms)
  ▶ recordIdleTransition()
    ✔ increments idle_transitions count (0.156ms)
    ✔ tracks longest idle period (25.8858ms)
    ✔ includes current idle in longest_idle_ms if still idle (31.8334ms)
  ✔ recordIdleTransition() (58.3163ms)
  ▶ recordPermissionPrompt()
    ✔ sets permission_prompt_detected to true (0.3925ms)
  ✔ recordPermissionPrompt() (0.5306ms)
  ▶ recordPromptCompletion()
    ✔ accumulates settle overhead (0.2216ms)
  ✔ recordPromptCompletion() (0.3088ms)
  ▶ classifyStall()
    ✔ returns permission_blocked when no tool calls ever detected (0.2778ms)
    ✔ returns task_complexity when tool calls + many idle transitions (0.0927ms)
    ✔ returns unknown when tool calls present but few idle transitions (0.093ms)
    ✔ returns resource_contention when slow first output + other sessions slow (0.1766ms)
  ✔ classifyStall() (0.7611ms)
✔ DiagnosticsTracker (PRD 012) (63.3904ms)
▶ matchPermissionPrompt (PRD 012)
  ✔ detects standard permission prompt (0.1908ms)
  ✔ detects permission prompt with tool name (0.105ms)
  ✔ detects Yes/No variant (0.0486ms)
  ✔ detects case variants (0.0405ms)
  ✔ does not match regular text with Allow (0.0375ms)
  ✔ does not match text without Allow (0.0367ms)
  ✔ returns empty for unrelated text (0.038ms)
✔ matchPermissionPrompt (PRD 012) (0.6137ms)
▶ PtyWatcher diagnostics integration (PRD 012)
  ✔ calls onObservation for tool calls (1.8667ms)
  ✔ calls onObservation for idle transitions (0.8291ms)
  ✔ calls onObservation for permission prompts (0.2816ms)
  ✔ emits permission_prompt_detected to events channel (0.322ms)
  ✔ includes permission_prompt in default pattern set (0.1869ms)
✔ PtyWatcher diagnostics integration (PRD 012) (3.6429ms)
Discovery cache updated (2 projects, expires in 1800000ms)
Discovery cache updated (2 projects, expires in 1800000ms)
Discovery cache updated (1 projects, expires in 1800000ms)
Discovery cache updated (1 projects, expires in 1800000ms)
✔ F-THANE-2: Discover projects with manifests and verify configs loaded (15.5925ms)
✔ F-THANE-2: Discover project without manifest, handles gracefully (12.7056ms)
✔ F-THANE-2: Rescan reloads all configs (5.9827ms)
✔ F-THANE-2: loadProjectConfig with valid config (4.9339ms)
✔ F-THANE-2: loadProjectConfig with missing file returns null (2.9021ms)
✔ F-THANE-2: loadProjectConfig with invalid YAML returns null (2.9767ms)
✔ F-THANE-2: loadProjectConfig with missing required fields returns null (1.8495ms)
✔ F-THANE-2: ProjectRegistry.registerProjectConfig and retrieval (0.149ms)
✔ F-THANE-2: ProjectRegistry.listProjectConfigs (0.1517ms)
[DiscoveryRegistry] Project without-config: failed to load config: ENOENT: no such file or directory, open 'C:\Users\atfm0\AppData\Local\Temp\test-f-thane2-no-manifest-1774170893425\without-config\.method\project-config.yaml'
[DiscoveryRegistry] Project test-project: failed to load config: ENOENT: no such file or directory, open 'C:\Users\atfm0\AppData\Local\Temp\test-load-config-missing-1774170893449\test-project\.method\project-config.yaml'
[DiscoveryRegistry] Project test-project: failed to load config: bad indentation of a mapping entry (1:14)

 1 | invalid: yaml: content:
------------------^
 2 |   - unclosed
[DiscoveryRegistry] Project test-project: config missing required fields (id, name)
Discovery cache updated (3 projects, expires in 1800000ms)
Discovery cache updated (2 projects, expires in 1800000ms)
Discovery cache updated (2 projects, expires in 1800000ms)
Discovery cache updated (2 projects, expires in 1800000ms)
✔ E2E: Discovery discovers 3 real git repositories with metadata (1486.7637ms)
✔ E2E: Discovery initializes .method directory structure for each project (1041.1162ms)
✔ E2E: Discovery handles mixed healthy and corrupted repos (524.9258ms)
✔ E2E: Cleanup — temp repos are properly handled (1122.3908ms)
Discovery cache updated (2 projects, expires in 1800000ms)
Discovery cache updated (2 projects, expires in 1800000ms)
Discovery cache updated (1 projects, expires in 1800000ms)
Discovery cache updated (4 projects, expires in 1800000ms)
Discovery cache updated (5 projects, expires in 1800000ms)
Discovery cache updated (2 projects, expires in 1800000ms)
Discovery cache updated (20 projects, expires in 1800000ms)
Discovery cache updated (1 projects, expires in 1800000ms)
Discovery cache updated (1 projects, expires in 1800000ms)
Discovery cache updated (1 projects, expires in 1800000ms)
Discovery cache updated (1 projects, expires in 1800000ms)
Discovery cache updated (50 projects, expires in 1800000ms)
Discovery cache updated (2 projects, expires in 1800000ms)
Discovery cache updated (2 projects, expires in 5000ms)
Discovery cache hit (2 projects, expires in 5000ms)
Discovery cache updated (1 projects, expires in 100ms)
Discovery cache hit (1 projects, expires in 99ms)
✔ DiscoveryService: Basic discovery finds git repositories (12.6465ms)
✔ DiscoveryService: Recursive discovery in nested directories (7.3501ms)
✔ DiscoveryService: Auto-creates .method directory (4.8679ms)
✔ DiscoveryService: Timeout protection (28.5931ms)
✔ DiscoveryService: Max projects limit (56.8924ms)
✔ DiscoveryService: Error recovery - corrupted git repo (11.9856ms)
✔ DiscoveryService: Performance for 20 projects (90.8042ms)
✔ DiscoveryService: Non-existent root directory (0.3417ms)
✔ DiscoveryService: Returns correct ProjectMetadata structure (4.0785ms)
✔ DiscoveryService: DiscoveryResult structure (4.677ms)
✔ DiscoveryService: Avoids scanning node_modules (11.0902ms)
✔ DiscoveryService: Prevents infinite loops with symlinks (5.8841ms)
✔ DiscoveryService: Emits discovery_incomplete flag when MAX_PROJECTS exceeded (243.2604ms)
✔ DiscoveryService: Resilience — skips corrupted .git/ and marks as git_corrupted (6.4596ms)
✔ DiscoveryService: Cache returns same result within TTL (6.7721ms)
Discovery cache updated (1 projects, expires in 1800000ms)
Discovery cache hit (1 projects, expires in 1800000ms)
Discovery cache cleared
✔ DiscoveryService: Cache expires after TTL (159.7811ms)
✔ DiscoveryService: clearCache() forces fresh scan (4.647ms)
Discovery cache updated (3 projects, expires in 1800000ms)
Discovery cache updated (3 projects, expires in 1800000ms)
Discovery cache updated (3 projects, expires in 1800000ms)
Discovery cache updated (3 projects, expires in 1800000ms)
Discovery cache updated (3 projects, expires in 1800000ms)
Genesis: Found 3 new events for project project-a
Genesis: Found 2 new events for project project-b
Genesis: Found 1 new events for project project-c
▶ E2E: Phase 1 Discovery + Phase 2 Genesis
  ✔ discovers 3 test projects (28.4844ms)
  ✔ verifies discovered projects have .method directories (20.3608ms)
  ✔ spawns Genesis with project_id="root" (2.5096ms)
  ✔ verifies Genesis session in pool (2.0443ms)
  ✔ receives Genesis initialization prompt (1.6158ms)
  ✔ Genesis polling loop manages cursors (8.2939ms)
  ✔ polling loop persists multiple project cursors (4.7005ms)
  ✔ E2E: Discovery -> Genesis spawn -> project listing (21.3466ms)
  ✔ E2E: Full Phase 1->2 flow with cursor persistence (48.2492ms)
  ✖ Phase 3-A: E2E discovery → event write → polling detection (33.6475ms)
✖ E2E: Phase 1 Discovery + Phase 2 Genesis (174.6466ms)
[Cursor lock] Failed to acquire lock: ENOENT: no such file or directory, lstat 'C:\Users\atfm0\AppData\Local\Temp\e2e-test-1774170895809-qj26pjslrr\polling-test-cursors.yaml'
▶ F-P-1: Frontend GenesisChatPanel buffer cap
  ✔ should keep buffer under 10000 messages (273.7723ms)
  ✔ should drop oldest events first (circular buffer) (268.6423ms)
  ✔ should handle buffer under 10000 messages without truncation (28.3837ms)
  ✔ should handle exactly 10000 messages without truncation (107.726ms)
  ✔ should handle buffer just over 10000 messages (114.0191ms)
  ✔ should handle incremental message addition across multiple updates (302.7525ms)
✔ F-P-1: Frontend GenesisChatPanel buffer cap (1096.651ms)
▶ F-P-1: Backend SSE stream transcript cap
  ✔ should cap transcript to 10000 lines (2.5288ms)
  ✔ should drop oldest lines first (2.6855ms)
  ✔ should not truncate transcript under 10000 lines (0.9377ms)
  ✔ should handle exactly 10000 lines without truncation (1.6283ms)
  ✔ should handle transcript with empty lines (1.8022ms)
  ✖ should preserve line content integrity when capping (8.0084ms)
✖ F-P-1: Backend SSE stream transcript cap (18.0032ms)
▶ F-P-1: Memory pressure and performance
  ✔ should handle massive event streams without memory explosion (2908.7565ms)
  ✔ should handle very large line content in transcript cap (14.1018ms)
✔ F-P-1: Memory pressure and performance (2923.0389ms)
▶ Genesis HTTP Routes
  ✔ GET /genesis/status: Returns session status when Genesis is running (201.7245ms)
  ✔ GET /genesis/status: Returns 503 when Genesis not initialized (10.5963ms)
  ✔ GET /genesis/status: Returns 503 when session not found (6.4599ms)
  ✔ POST /genesis/prompt: Sends prompt to Genesis session (17.472ms)
  ✔ POST /genesis/prompt: Returns 400 for missing message (7.9587ms)
  ✔ POST /genesis/prompt: Returns 400 for empty message (6.6332ms)
  ✔ POST /genesis/prompt: Returns 400 for whitespace-only message (3.8614ms)
  ✔ POST /genesis/prompt: Returns 503 when Genesis not initialized (3.794ms)
  ✔ POST /genesis/prompt: Accepts optional timeoutMs parameter (6.9914ms)
  ✔ DELETE /genesis/prompt: Aborts in-flight prompt (6.4322ms)
  ✔ DELETE /genesis/prompt: Returns 503 when Genesis not initialized (2.7358ms)
  ✔ POST /genesis/prompt: Trims whitespace from message (3.3529ms)
  ✔ GET /api/genesis/projects/list: Returns 403 when non-root project tries to list (4.752ms)
  ✔ GET /api/genesis/projects/:projectId: Returns 403 when accessing different project (5.2143ms)
  ✔ GET /api/genesis/projects/:projectId/manifest: Returns 403 when accessing different project (4.5624ms)
  ✔ GET /api/genesis/projects/events: Returns 403 when accessing different project events (6.8442ms)
  ✔ POST /genesis/prompt: Returns 403 when CSRF token missing (4.4128ms)
  ✔ POST /genesis/prompt: Returns 403 when CSRF token invalid (4.5329ms)
  ✔ DELETE /genesis/prompt: Returns 501 when PTY interrupt unavailable (5.097ms)
  ✔ GET /api/genesis/projects/events: Returns 400 for invalid cursor format (4.4603ms)
  ✔ POST /api/genesis/report: Returns 400 for missing message (7.5387ms)
  ✔ POST /api/genesis/report: Returns 400 for empty message (2.8575ms)
  ✔ Error responses have consistent structure: error + message (2.5604ms)
  ✔ Error codes are descriptive (not generic) (2.4131ms)
  ✔ GET /api/genesis/projects/:projectId returns single result (no ordering needed) (2.0734ms)
✔ Genesis HTTP Routes (338.2467ms)
Genesis polling loop started (interval: 50ms)
▶ Genesis Initialization Prompt
  ✔ should generate initialization prompt with OBSERVE+REPORT instructions (1.2014ms)
  ✔ should not authorize Genesis to execute directly (0.2269ms)
  ✔ should list available tools (0.2869ms)
  ✔ should include budget constraints (0.2027ms)
✔ Genesis Initialization Prompt (3.5255ms)
▶ Genesis Spawner
  ✔ should spawn Genesis with project_id=root (1.3117ms)
  ✔ should set default budget to 50K tokens/day (0.42ms)
  ✔ should allow custom budget configuration (0.564ms)
  ✔ should set Genesis metadata flag (0.3797ms)
  ✔ should use OBSERVE+REPORT initialization prompt (0.4515ms)
  ✔ getGenesisStatus should return running Genesis session (0.4168ms)
  ✔ isGenesisRunning should return true when Genesis is spawned (0.2736ms)
  ✔ getGenesisSessionId should return session ID (0.3328ms)
  ✔ should return undefined when Genesis is not running (0.189ms)
  ✔ isGenesisRunning should return false when Genesis not spawned (0.1661ms)
  ✔ getGenesisSessionId should return undefined when not running (0.1615ms)
✔ Genesis Spawner (5.5097ms)
▶ Cursor Management
  ✔ should load empty cursors when file does not exist (1.8373ms)
  ✔ should save and load cursors atomically (7.5738ms)
  ✔ should get cursor for project (empty if not found) (0.3484ms)
  ✔ should get existing cursor for project (0.2817ms)
  ✔ should update cursor for existing project (0.2893ms)
  ✔ should create new cursor entry for new project (0.2168ms)
  ✔ should update lastPolled timestamp when updating cursors (0.1884ms)
✔ Cursor Management (11.1732ms)
▶ GenesisPollingLoop
  ✔ should initialize with default config (0.8608ms)
  ✔ should initialize with custom interval (0.6579ms)
  ✔ should load cursors from file on construction (2.8486ms)
[Cursor lock] Failed to acquire lock: ENOENT: no such file or directory, lstat 'C:\Users\atfm0\Repositories\method\.test-polling-persist.yaml'
Polling loop error: ENOENT: no such file or directory, lstat 'C:\Users\atfm0\Repositories\method\.test-polling-persist.yaml'
[Cursor lock] Failed to acquire lock: ENOENT: no such file or directory, lstat 'C:\Users\atfm0\Repositories\method\.test-polling-persist.yaml'
Polling loop error: ENOENT: no such file or directory, lstat 'C:\Users\atfm0\Repositories\method\.test-polling-persist.yaml'
Genesis polling error for project root: Transient error
[Cursor lock] Failed to acquire lock: ENOENT: no such file or directory, lstat 'C:\Users\atfm0\Repositories\method\.test-polling-error.yaml'
Polling loop error: ENOENT: no such file or directory, lstat 'C:\Users\atfm0\Repositories\method\.test-polling-error.yaml'
[Cursor lock] Failed to acquire lock: ENOENT: no such file or directory, lstat 'C:\Users\atfm0\Repositories\method\.test-polling-error.yaml'
Polling loop error: ENOENT: no such file or directory, lstat 'C:\Users\atfm0\Repositories\method\.test-polling-error.yaml'
Genesis: Found 2 new events for project root
Genesis polling loop stopped
Genesis polling loop started (interval: 100ms)
  ✖ should track cursor state and persist updates (164.5342ms)
Genesis polling loop stopped
Genesis polling loop started (interval: 100ms)
  ✔ should not poll multiple times concurrently (165.1011ms)
Genesis polling loop stopped
Genesis polling loop started (interval: 100ms)
Genesis polling loop stopped
Genesis polling loop started (interval: 100ms)
Genesis polling loop stopped
Genesis polling loop started (interval: 100ms)
Genesis polling loop stopped
  ✔ should continue polling after errors (265.5843ms)
  ✔ should support stop and restart (1.0014ms)
  ✔ should warn if start called while already running (0.8069ms)
✖ GenesisPollingLoop (602.006ms)
ℹ Error: Test "should not poll multiple times concurrently" at packages\bridge\src\__tests__\genesis-spawner.test.ts:1:9888 generated asynchronous activity after the test ended. This activity created the error "TypeError [ERR_INVALID_ARG_TYPE]: The "path" argument must be of type string or an instance of Buffer or URL. Received function " and would have caused the test to fail, but instead triggered an uncaughtException event.
✖ packages\bridge\src\__tests__\genesis-spawner.test.ts (26627.5416ms)
▶ Genesis MCP Tools
  ✔ project_list: Returns all discovered projects (1.262ms)
  ✔ project_list: Marks unhealthy projects with warning (0.2595ms)
  ✔ project_get: Returns project metadata for valid ID (0.2605ms)
  ✔ project_get: Throws error for non-existent project (0.4657ms)
  ✔ project_get: Returns error details for corrupted projects (0.178ms)
  ✔ project_get_manifest: Throws error for non-existent project (0.2725ms)
  ✔ project_get_manifest: Returns manifest path and exists=false if missing (0.337ms)
  ✔ project_read_events: Returns all events without filter (0.322ms)
  ✔ project_read_events: Filters by project_id (0.19ms)
  ✔ project_read_events: Generates cursor for next read (0.2124ms)
  ✔ project_read_events: Respects cursor from previous read (0.1847ms)
  ✔ project_read_events: Cleans up old cursors (0.1722ms)
  ✔ genesis_report: Returns delivery confirmation (0.5124ms)
  ✔ genesis_report: Trims whitespace from message (0.1383ms)
  ✔ genesis_report: Throws error for empty message (0.3473ms)
  ✔ genesis_report: Throws error for whitespace-only message (0.1748ms)
  ✔ enforceGenesisPrivilege: Allows Genesis session (project_id="root") (0.114ms)
  ✔ enforceGenesisPrivilege: Denies non-Genesis session (0.1585ms)
  ✔ enforceGenesisPrivilege: Sets 403 status code on error (0.1186ms)
  ✔ enforceGenesisPrivilege: Denies missing project_id (0.09ms)
  ✔ validateGenesisToolInput: Accepts project_list with no args (0.1303ms)
  ✔ validateGenesisToolInput: Accepts project_get with valid project_id (0.0699ms)
  ✔ validateGenesisToolInput: Rejects project_get without project_id (0.0834ms)
  ✔ validateGenesisToolInput: Accepts project_read_events with optional project_id (0.0664ms)
  ✔ validateGenesisToolInput: Enforces privilege on genesis_report (0.081ms)
  ✔ validateGenesisToolInput: Allows genesis_report for Genesis session (0.0615ms)
  ✔ validateGenesisToolInput: Rejects genesis_report with empty message (0.0992ms)
  ✔ validateGenesisToolInput: Rejects unknown tool (0.0798ms)
✔ Genesis MCP Tools (8.2299ms)
▶ Cross-Project Isolation Tests (F-NIKA-6)
  ✔ Event Isolation: Genesis can read all events across projects (1.9213ms)
  ✔ Event Isolation: Session A cannot read project B events (0.3096ms)
  ✔ Event Isolation: Session B cannot read project A events (0.2613ms)
  ✔ Event Isolation: Genesis (root) can read all project events (0.3339ms)
  ✔ Manifest Isolation: Session A can query its own manifest (0.1416ms)
  ✔ Manifest Isolation: Session A cannot query project B manifest (0.165ms)
  ✔ Manifest Isolation: Different projects have different access contexts (0.2084ms)
  ✔ Resource Copy Isolation: Config reload for A does not affect B (0.2812ms)
  ✔ Resource Copy Isolation: Only targeted projects affected by resource copy (0.3229ms)
  ✔ Config Isolation: CONFIG_UPDATED event only affects intended project (0.4015ms)
  ✔ Config Isolation: Reload check shows project-specific isolation (0.2728ms)
  ✔ Session Isolation: Tool access denied across projects (0.1618ms)
  ✔ Session Isolation: Concurrent sessions with different project contexts (0.2471ms)
  ✔ Session Isolation: Tools execute in isolated context (0.2627ms)
  ✔ Dashboard Isolation: Event stream filtering by project_id (0.2333ms)
  ✔ Dashboard Isolation: Cursor pagination maintains project isolation (0.6836ms)
  ✔ Dashboard Isolation: Multiple sessions accessing same dashboard shows filtered events (0.3085ms)
  ✔ Dashboard Isolation: Genesis event streams include project_id metadata (0.2145ms)
  ✔ HTTP Route Integration: Multi-project event isolation via /api/projects/:id/events (0.2804ms)
  ✔ HTTP Route Integration: Event filtering via projectId isolation boundary (0.2219ms)
  ✔ HTTP Route Integration: DefaultIsolationValidator enforces project boundaries (0.1336ms)
  ✔ HTTP Route Integration: Cursor pagination maintains isolation within project (0.427ms)
  ✔ HTTP Route Integration: Session context enforces write isolation (0.1123ms)
  ✔ HTTP Route Integration: Event log respects projectId for all event types (0.2607ms)
  ✔ HTTP Route Integration: Isolation validator is the enforcement point (0.0987ms)
  ✔ HTTP Route Integration: Multi-project scenario with realistic event sequence (0.2705ms)
  ✔ HTTP Route Integration: Removing projectId filter would cause test failure (isolation gate) (0.1677ms)
✔ Cross-Project Isolation Tests (F-NIKA-6) (10.989ms)
▶ extractResponse
  ✔ extracts basic response between ● and ❯ (1.8218ms)
  ✔ strips ANSI escape sequences from the response (0.4892ms)
  ✔ replaces cursor-right escapes with spaces (0.3031ms)
  ✔ simulates carriage return overwriting (0.2219ms)
  ✔ uses fallback extraction when no ● marker is present (0.3469ms)
  ✔ returns empty string when buffer has no readable content (0.2006ms)
  ✔ uses the last ● marker when multiple are present (0.1988ms)
  ✔ filters out box-drawing / TUI chrome lines (0.2266ms)
  ✔ filters out pure whitespace lines (0.2546ms)
  ✔ handles multiline response correctly (0.2891ms)
  ✔ handles mixed ANSI + carriage return + box-drawing (0.2926ms)
  ✔ handles buffer with no ❯ — takes everything after last ● (0.1575ms)
  ✔ handles ❯ appearing mid-line (0.1325ms)
  ✔ handles empty response between ● and ❯ (0.1587ms)
  ✔ handles complex ANSI sequences in response (0.1755ms)
  ✔ preserves content with special characters (0.1933ms)
✔ extractResponse (7.5658ms)
Discovery cache updated (10 projects, expires in 1800000ms)
  [PASS] Discovery (10 projects): 11ms (threshold: 500ms)
Discovery cache updated (5 projects, expires in 1800000ms)
  [PASS] Discovery (5 projects): 4ms (threshold: 250ms)
Discovery cache updated (20 projects, expires in 1800000ms)
  [PASS] Discovery (20 projects): 11ms (threshold: 750ms)
  [PASS] Polling cycle (per project, avg): 2ms (threshold: 200ms)
  [PASS] Polling cycle (3 projects): 4ms (threshold: 600ms)
  [PASS] Cursor ops (100 projects, create+save+reload): 10ms (threshold: 100ms)
  [PASS] Cursor file size (50 projects): 9.056640625KB (threshold: 10KB)
  [PASS] Cursor lookup (500 projects, avg): 0ms (threshold: 5ms)
  [PASS] Baseline memory usage: 12MB (threshold: 300MB)
Discovery cache updated (100 projects, expires in 1800000ms)
  [PASS] Memory delta (100 projects): 2MB (threshold: 300MB)
  [PASS] Memory after load: 14MB (threshold: 500MB)
  [PASS] YAML parse (1000 lines): 3ms (threshold: 50ms)

╔════════════════════════════════════════════════════════╗
║           PERFORMANCE BASELINE SUMMARY                  ║
╠════════════════════════════════════════════════════════╣
╠════════════════════════════════════════════════════════╣
║ PASSED:  0/0                                              ║
╚════════════════════════════════════════════════════════╝

▶ Performance Baselines
  ▶ Baseline 1: Discovery Time
    ✔ discovers 10 projects in <500ms (62.8238ms)
    ✔ discovers 5 projects in <250ms (25.4649ms)
    ✔ discovers 20 projects in <750ms (85.3818ms)
  ✔ Baseline 1: Discovery Time (174.786ms)
  ▶ Baseline 2: Polling Cycle Time
    ✔ polling cycle per project completes in <200ms (11.4995ms)
    ✔ multi-project polling (3 projects) completes in <600ms (6.0983ms)
  ✔ Baseline 2: Polling Cycle Time (17.9474ms)
  ▶ Baseline 3: Cursor Persistence
    ✔ cursor load/save/reload cycle for 100 projects completes in <100ms (12.2934ms)
    ✔ cursor file size scales reasonably with project count (5.6898ms)
  ✔ Baseline 3: Cursor Persistence (18.3612ms)
  ▶ Baseline 4: Cursor Query Performance
    ✔ cursor lookup completes in <5ms for large cursor set (22.6685ms)
  ✔ Baseline 4: Cursor Query Performance (22.899ms)
  ▶ Baseline 5: Memory Usage
    ✔ baseline memory usage is <300MB (2.0937ms)
    ✔ memory under load (100 projects) stays <500MB (519.3419ms)
  ✔ Baseline 5: Memory Usage (521.7663ms)
  ▶ Baseline 6: YAML Parsing Performance
    ✔ parses 1000-line YAML config in <50ms (9.7268ms)
  ✔ Baseline 6: YAML Parsing Performance (9.952ms)
  ✔ summary: all performance baselines (2.1208ms)
✔ Performance Baselines (769.227ms)
[Cursor lock] Failed to acquire lock: ENOENT: no such file or directory, lstat 'C:\Users\atfm0\AppData\Local\Temp\test-polling-1774170901938\cursors.yaml'
[Cursor lock] Failed to acquire lock: ENOENT: no such file or directory, lstat 'C:\Users\atfm0\AppData\Local\Temp\test-polling-concurrency-1774170902056\cursors.yaml'
Genesis polling error for project proj-2: Network error
[Cursor lock] Failed to acquire lock: ENOENT: no such file or directory, lstat 'C:\Users\atfm0\AppData\Local\Temp\test-polling-partial-fail-1774170902116\cursors.yaml'
[Cursor lock] Failed to acquire lock: ENOENT: no such file or directory, lstat 'C:\Users\atfm0\AppData\Local\Temp\test-polling-merge-1774170902120\cursors.yaml'
Genesis: Found 1 new events for project proj-1
Genesis: Found 1 new events for project proj-2
Genesis: Found 1 new events for project proj-3
✖ GenesisPollingLoop: Polls all projects when count <= maxConcurrentPolls (117.7237ms)
Genesis: Found 1 new events for project proj-1
Genesis: Found 1 new events for project proj-2
Genesis: Found 1 new events for project proj-1
Genesis: Found 1 new events for project proj-3
✖ GenesisPollingLoop: Respects max concurrency with large project count (59.561ms)
Genesis: Found 1 new events for project proj-1
Genesis: Found 2 new events for project proj-2
✖ GenesisPollingLoop: Handles partial failures gracefully (4.1076ms)
✖ GenesisPollingLoop: Merges results correctly from parallel polls (5.1775ms)
✔ GenesisPollingLoop: Respects max concurrency config from env var (2.1522ms)
✖ packages\bridge\src\__tests__\polling-loop-parallel.test.ts (13687.608ms)
▶ SessionPool
  ▶ create()
    ✔ accepts and stores metadata on session creation (2.5239ms)
    ✔ creates a session without metadata (0.5004ms)
    ✔ stores workdir with the session (0.4662ms)
    ✔ accepts spawnArgs parameter (0.4444ms)
    ✔ increments totalSpawned on each create (0.677ms)
    ✔ enforces max session limit (1.1942ms)
  ✔ create() (8.3007ms)
  ▶ status()
    ✔ returns metadata, promptCount, lastActivityAt, workdir (0.5098ms)
    ✔ reflects updated promptCount after sending a prompt (0.4261ms)
    ✔ updates lastActivityAt after sending a prompt (12.3721ms)
    ✔ throws for unknown session (0.6245ms)
  ✔ status() (14.452ms)
  ▶ list()
    ✔ returns metadata, promptCount, lastActivityAt, workdir for each session (0.9906ms)
    ✔ includes sessions without metadata (0.2472ms)
  ✔ list() (1.4324ms)
  ▶ poolStats()
    ✔ returns correct stats after creation and kills (0.3595ms)
    ✔ startedAt is set at pool creation time (0.2282ms)
  ✔ poolStats() (0.7315ms)
  ▶ removeDead()
    ✔ removes dead sessions older than TTL (29.3279ms)
    ✔ does not remove dead sessions younger than TTL (0.7112ms)
    ✔ does not remove alive sessions (0.3206ms)
    ✔ returns 0 when no sessions exist (0.1865ms)
  ✔ removeDead() (30.9079ms)
  ▶ session chains (PRD 006)
    ✔ root session has depth 0 and no parent (0.3628ms)
    ✔ child session records parent and depth (0.3158ms)
    ✔ rejects spawn when depth exceeds max_depth (0.3766ms)
    ✔ rejects spawn when agent budget is exhausted (0.3392ms)
    ✔ returns chain info from create() (0.189ms)
    ✔ list() includes chain info for all sessions (0.3036ms)
  ✔ session chains (PRD 006) (2.19ms)
✔ SessionPool (59.1734ms)
▶ PrintSession
  ▶ initial state
    ✔ starts in ready status (2.0237ms)
    ✔ starts with promptCount 0 (0.4971ms)
    ✔ starts with empty transcript (1.5975ms)
    ✔ starts with null printMetadata (0.4391ms)
    ✔ adaptiveSettle is always null (0.5378ms)
    ✔ has the correct id (0.4272ms)
    ✔ has a lastActivityAt date (0.4107ms)
  ✔ initial state (7.3744ms)
  ▶ kill()
    ✔ sets status to dead (0.4395ms)
    ✔ fires exit callbacks with code 0 (0.4155ms)
    ✔ fires multiple exit callbacks (1.2633ms)
    ✔ does not throw if exit callback throws (0.4591ms)
  ✔ kill() (2.9592ms)
  ▶ resize()
    ✔ is a no-op — does not throw (0.3757ms)
    ✔ does not change status (0.1833ms)
  ✔ resize() (0.7456ms)
  ▶ onOutput()
    ✔ returns an unsubscribe function (0.2999ms)
  ✔ onOutput() (0.3921ms)
  ▶ sendPrompt() rejection when dead
    ✔ rejects with /dead/ when session is already killed (0.9187ms)
  ✔ sendPrompt() rejection when dead (1.0219ms)
  ﹣ sendPrompt() (mocked child_process) (0.0642ms) # SKIP
✔ PrintSession (13.68ms)
✔ getSessionContext: Extracts projectId from headers (1.9063ms)
✔ getSessionContext: Does NOT extract admin flag (F-SECUR-002) (0.3643ms)
✔ getSessionContext: Defaults to empty context (0.2414ms)
✔ validateProjectAccess: No admin escalation (F-SECUR-002) (0.2195ms)
✔ validateProjectAccess: Denies cross-project access (0.2817ms)
✔ validateProjectAccess: Allows same-project access (0.1821ms)
✔ validateProjectAccess: Allows read-only access without project context (0.254ms)
✔ validateProjectAccess: Audit logs cross-project denial (0.1559ms)
✔ Cursor: generateCursor creates unique cursor IDs (0.7224ms)
✔ Cursor: parseCursor retrieves stored index (0.5828ms)
✔ Cursor: parseCursor returns 0 for unknown cursor (0.257ms)
✔ Cursor: getEventsSinceCursor returns events from index (1.0913ms)
✔ Cursor: getEventsSinceCursor returns all events without cursor (0.188ms)
✔ Cursor: getEventsSinceCursor returns empty for cursor past end (0.2302ms)
✔ Cursor: Cursor state expires after 24 hours (0.1526ms)
✔ Event Log: Stores and retrieves events (0.2718ms)
✔ Event Log: Supports cursor-based retrieval (0.3714ms)
✔ ProjectMetadata: Has all required fields (0.6805ms)
✔ HTTP Status: Routes return appropriate status codes (documentation) (0.1889ms)
✔ Isolation: Cross-project request returns 403 (0.1417ms)
✔ Isolation: No admin bypass (F-SECUR-002) (0.1331ms)
✔ Isolation: Same project access allowed (0.1511ms)
✔ Event Polling: First poll gets all events (0.2001ms)
✔ Event Polling: Subsequent poll returns only new events (0.2458ms)
✔ Error Handling: Invalid project ID returns 400 (0.1836ms)
✔ Error Handling: Missing required fields (0.1998ms)
✔ Persistence Error: append() throws on flush failure (0.2663ms)
✔ Project-Scoped Events: Session in project A cannot access project B events (0.1818ms)
✔ Project-Scoped Events: Session in project A can access project A events (0.1665ms)
✔ Project-Scoped Events: Unauthenticated can read global events (Phase 1) (0.1393ms)
✔ Isolation: Event filtering by projectId (0.355ms)
✔ Isolation: Multiple sessions with different projects (0.1945ms)
✔ CircularBuffer: createCircularEventLog initializes with capacity (0.1652ms)
✔ CircularBuffer: pushEventToLog adds events sequentially (0.1779ms)
✔ CircularBuffer: Evicts oldest entry when capacity exceeded (0.1899ms)
✔ CircularBuffer: getEventsFromLog retrieves from index correctly (0.1889ms)
✔ CircularBuffer: getEventsFromLog returns empty when index beyond count (0.3425ms)
✔ CircularBuffer: getEventsFromLog handles wrap-around correctly (0.1711ms)
✔ CircularBuffer: Memory efficient - 100K capacity test (123.218ms)
✔ CursorVersion: generateCursor includes version field (0.1983ms)
✔ CursorVersion: parseCursor returns structured result with version check (0.1797ms)
✔ CursorVersion: parseCursor detects version mismatch (Phase 3) (0.1431ms)
✔ CursorVersion: parseCursor returns 0 for unknown cursor (0.1242ms)
✔ CursorVersion: Multiple project cursors tracked independently (0.1414ms)
✔ Integration: CircularBuffer + Versioned Cursor works together (0.22ms)
✔ Integration: EventLog cap prevents OOM under sustained load (433.1475ms)
✔ F-S-2: generateCursor produces 64-char hex string (256 bits) (0.4557ms)
✔ F-S-2: generateCursor called 10000 times produces unique values (5014.6265ms)
✔ F-S-1: validateCursorFormat accepts valid cursors (0.9327ms)
✔ F-S-1: validateCursorFormat rejects too-short cursors (0.0837ms)
✔ F-S-1: validateCursorFormat rejects too-long cursors (0.0539ms)
✔ F-S-1: validateCursorFormat rejects invalid characters (0.0537ms)
✔ F-S-1: parseCursor validates format before lookup (0.0499ms)
✔ F-S-1: parseCursor accepts valid cursor with underscores/hyphens (0.8391ms)
✔ F-S-3: validateProjectIdFormat accepts valid IDs (0.2161ms)
✔ F-S-3: validateProjectIdFormat rejects empty string (0.0595ms)
✔ F-S-3: validateProjectIdFormat rejects too-long ID (>100 chars) (0.055ms)
✔ F-S-3: validateProjectIdFormat rejects ID at 100 char boundary (0.0583ms)
✔ F-S-3: validateProjectIdFormat rejects invalid characters (0.1945ms)
✔ F-S-3: validateProjectIdFormat rejects non-string input (0.1116ms)
▶ Pattern Matchers (PRD 010)
  ▶ matchToolCall
    ✔ detects built-in tools (1.4531ms)
    ✔ detects multiple built-in tools in one chunk (0.4768ms)
    ✔ detects MCP tools (0.3052ms)
    ✔ emits methodology_activity for methodology tools (0.253ms)
    ✔ deduplicates same tool in one chunk (0.2257ms)
    ✔ returns empty for text without tools (0.2878ms)
  ✔ matchToolCall (4.422ms)
  ▶ matchGitCommit
    ✔ detects git commit output (0.5083ms)
    ✔ detects commit on feature branch (0.202ms)
    ✔ returns empty for non-commit text (0.2549ms)
  ✔ matchGitCommit (1.3936ms)
  ▶ matchTestResult
    ✔ detects Node.js test runner output (0.5744ms)
    ✔ emits test_failure event when tests fail (0.2596ms)
    ✔ does not emit test_failure when all pass (0.1659ms)
    ✔ detects Jest/Vitest output (0.202ms)
    ✔ detects Jest output with no failures (0.1929ms)
    ✔ detects Mocha-style output (0.2069ms)
  ✔ matchTestResult (1.85ms)
  ▶ matchFileOperation
    ✔ detects Read operations (0.4845ms)
    ✔ detects Write operations (0.1588ms)
    ✔ detects Edit operations (0.1305ms)
    ✔ deduplicates same file (0.1139ms)
  ✔ matchFileOperation (1.0875ms)
  ▶ matchBuildResult
    ✔ detects TSC errors (0.3544ms)
    ✔ emits build_failure event (0.1388ms)
    ✔ detects build success via exit code (0.1728ms)
  ✔ matchBuildResult (0.8179ms)
  ▶ matchError
    ✔ detects Node.js errors (2.4602ms)
    ✔ detects stack traces (0.3317ms)
    ✔ detects non-zero exit codes (0.2318ms)
    ✔ does not detect exit code 0 (0.1808ms)
    ✔ ignores build-related exit codes (handled by build matcher) (0.104ms)
  ✔ matchError (3.6821ms)
  ▶ PROMPT_CHAR_RE
    ✔ matches the prompt character (0.1313ms)
    ✔ matches prompt in context (0.0879ms)
    ✔ does not match regular text (0.1145ms)
  ✔ PROMPT_CHAR_RE (0.4631ms)
✔ Pattern Matchers (PRD 010) (14.8534ms)
▶ PtyWatcher (PRD 010)
  ✔ subscribes to PTY output and detects tool calls (2.2539ms)
  ✔ records observations for all matches (0.5136ms)
  ✔ emits to correct channel (progress vs events) (0.3253ms)
  ✔ detects idle transition (2.7355ms)
  ✔ does not emit idle without prior activity (1.0335ms)
  ✔ respects rate limiting (0.6642ms)
  ✔ disabled watcher produces no output (0.2634ms)
  ✔ respects pattern filter (0.3203ms)
  ✔ strips ANSI codes before matching (0.3247ms)
  ✔ handles cross-chunk patterns via line buffer (1.1707ms)
✔ PtyWatcher (PRD 010) (10.1929ms)
▶ parseWatcherConfig
  ✔ uses defaults when no env vars set (0.3965ms)
  ✔ respects PTY_WATCHER_ENABLED=false (0.1299ms)
  ✔ parses comma-separated patterns (0.1569ms)
  ✔ per-session metadata overrides env vars (0.1402ms)
✔ parseWatcherConfig (1.0249ms)
▶ OBS-19: Agent tool call detection
  ✔ matchToolCall detects Agent tool (0.3542ms)
  ✔ watcher records Agent tool_call observation (0.3985ms)
  ✔ stripAnsiCodes removes ANSI sequences (0.1013ms)
✔ OBS-19: Agent tool call detection (1.1876ms)
▶ Auto-Retro Generator (PRD 010)
  ✔ generates retro YAML file (5.4758ms)
  ✔ skips when retros directory does not exist (0.6955ms)
  ✔ increments sequence number for same date (4.3921ms)
  ✔ cleanup temp directory (4.4619ms)
✔ Auto-Retro Generator (PRD 010) (15.4659ms)
▶ Registry API contract for frontend
  ✔ tree response has shape expected by RegistryTree component (378.8259ms)
  ✔ method detail has shape expected by MethodDetail component (10.0579ms)
  ✔ protocol detail has shape expected by protocol view (18.425ms)
  ✔ manifest response has shape expected by ManifestView (79.0686ms)
✔ Registry API contract for frontend (487.6519ms)
▶ GET /api/registry
  ✔ returns a tree with methodologies (337.3633ms)
  ✔ includes methods within each methodology (78.1132ms)
  ✔ includes protocols identified by YAML content (82.1184ms)
  ✔ skips non-methodology directories (instances, submissions) (73.8931ms)
✔ GET /api/registry (573.0556ms)
▶ GET /api/registry/:methodology/:method
  ✔ returns full parsed method YAML (7.8837ms)
  ✔ resolves protocol files by ID (17.4908ms)
  ✔ returns 404 for nonexistent method (14.1358ms)
✔ GET /api/registry/:methodology/:method (40.0268ms)
▶ GET /api/registry/manifest
  ✔ returns installed methodologies with sync status (84.7362ms)
✔ GET /api/registry/manifest (85.0635ms)
▶ GET /api/registry/:methodology/:protocol/promotion
  ✔ resolves promotion file for RETRO-PROTO (6.5341ms)
  ✔ returns 404 for protocol without promotion record (6.7674ms)
  ✔ returns 404 for nonexistent methodology (7.2133ms)
✔ GET /api/registry/:methodology/:protocol/promotion (20.8552ms)
▶ POST /api/registry/reload
  ✔ invalidates cache and returns confirmation (2.3264ms)
✔ POST /api/registry/reload (2.504ms)
Failed to load C:\Users\atfm0\Repositories\method\registry\P0-META\M2-MDIS\M2-MDIS.yaml: bad indentation of a mapping entry (173:3)

 170 |       - "Fabricate observations ( ...
 171 |       - "Skip trial (Ax-3: promot ...
 172 |       - "Compile the method direc ...
 173 |   coverage_claim: "Discoverer see ...
---------^
 174 |   authority_claim: "All five step ...
 175 |   role_partition_rationale: >
Failed to load C:\Users\atfm0\Repositories\method\registry\P0-META\RETRO-ARTIFACTS.yaml: bad indentation of a mapping entry (306:7)

 303 |       - "A gap candidate has clear ev ...
 304 |       - "A proposed delta exists with ...
 305 |       - "The registry maintainer deci ...
 306 |       note: >
-------------^
 307 |         Not every gap candidate trigg ...
 308 |         more evidence. Some wait for  ...
Failed to load C:\Users\atfm0\Repositories\method\registry\P0-META\RETRO-PROTO-PROMOTION.yaml: bad indentation of a mapping entry (96:5)

 93 |       The meta-retrospective identi ...
 94 |       These are incorporated into t ...
 95 | 
 96 |     - id: REF-01
----------^
 97 |       finding: "Manual aggregation  ...
 98 |       change: >
Failed to load C:\Users\atfm0\Repositories\method\registry\P0-META\M2-MDIS\M2-MDIS.yaml: bad indentation of a mapping entry (173:3)

 170 |       - "Fabricate observations ( ...
 171 |       - "Skip trial (Ax-3: promot ...
 172 |       - "Compile the method direc ...
 173 |   coverage_claim: "Discoverer see ...
---------^
 174 |   authority_claim: "All five step ...
 175 |   role_partition_rationale: >
Failed to load C:\Users\atfm0\Repositories\method\registry\P0-META\RETRO-ARTIFACTS.yaml: bad indentation of a mapping entry (306:7)

 303 |       - "A gap candidate has clear ev ...
 304 |       - "A proposed delta exists with ...
 305 |       - "The registry maintainer deci ...
 306 |       note: >
-------------^
 307 |         Not every gap candidate trigg ...
 308 |         more evidence. Some wait for  ...
Failed to load C:\Users\atfm0\Repositories\method\registry\P0-META\RETRO-PROTO-PROMOTION.yaml: bad indentation of a mapping entry (96:5)

 93 |       The meta-retrospective identi ...
 94 |       These are incorporated into t ...
 95 | 
 96 |     - id: REF-01
----------^
 97 |       finding: "Manual aggregation  ...
 98 |       change: >
Failed to load C:\Users\atfm0\Repositories\method\registry\P0-META\M2-MDIS\M2-MDIS.yaml: bad indentation of a mapping entry (173:3)

 170 |       - "Fabricate observations ( ...
 171 |       - "Skip trial (Ax-3: promot ...
 172 |       - "Compile the method direc ...
 173 |   coverage_claim: "Discoverer see ...
---------^
 174 |   authority_claim: "All five step ...
 175 |   role_partition_rationale: >
Failed to load C:\Users\atfm0\Repositories\method\registry\P0-META\RETRO-ARTIFACTS.yaml: bad indentation of a mapping entry (306:7)

 303 |       - "A gap candidate has clear ev ...
 304 |       - "A proposed delta exists with ...
 305 |       - "The registry maintainer deci ...
 306 |       note: >
-------------^
 307 |         Not every gap candidate trigg ...
 308 |         more evidence. Some wait for  ...
Failed to load C:\Users\atfm0\Repositories\method\registry\P0-META\RETRO-PROTO-PROMOTION.yaml: bad indentation of a mapping entry (96:5)

 93 |       The meta-retrospective identi ...
 94 |       These are incorporated into t ...
 95 | 
 96 |     - id: REF-01
----------^
 97 |       finding: "Manual aggregation  ...
 98 |       change: >
Failed to load C:\Users\atfm0\Repositories\method\registry\P0-META\M2-MDIS\M2-MDIS.yaml: bad indentation of a mapping entry (173:3)

 170 |       - "Fabricate observations ( ...
 171 |       - "Skip trial (Ax-3: promot ...
 172 |       - "Compile the method direc ...
 173 |   coverage_claim: "Discoverer see ...
---------^
 174 |   authority_claim: "All five step ...
 175 |   role_partition_rationale: >
Failed to load C:\Users\atfm0\Repositories\method\registry\P0-META\RETRO-ARTIFACTS.yaml: bad indentation of a mapping entry (306:7)

 303 |       - "A gap candidate has clear ev ...
 304 |       - "A proposed delta exists with ...
 305 |       - "The registry maintainer deci ...
 306 |       note: >
-------------^
 307 |         Not every gap candidate trigg ...
 308 |         more evidence. Some wait for  ...
Failed to load C:\Users\atfm0\Repositories\method\registry\P0-META\RETRO-PROTO-PROMOTION.yaml: bad indentation of a mapping entry (96:5)

 93 |       The meta-retrospective identi ...
 94 |       These are incorporated into t ...
 95 | 
 96 |     - id: REF-01
----------^
 97 |       finding: "Manual aggregation  ...
 98 |       change: >
Failed to load C:\Users\atfm0\Repositories\method\registry\P0-META\M2-MDIS\M2-MDIS.yaml: bad indentation of a mapping entry (173:3)

 170 |       - "Fabricate observations ( ...
 171 |       - "Skip trial (Ax-3: promot ...
 172 |       - "Compile the method direc ...
 173 |   coverage_claim: "Discoverer see ...
---------^
 174 |   authority_claim: "All five step ...
 175 |   role_partition_rationale: >
Failed to load C:\Users\atfm0\Repositories\method\registry\P0-META\RETRO-ARTIFACTS.yaml: bad indentation of a mapping entry (306:7)

 303 |       - "A gap candidate has clear ev ...
 304 |       - "A proposed delta exists with ...
 305 |       - "The registry maintainer deci ...
 306 |       note: >
-------------^
 307 |         Not every gap candidate trigg ...
 308 |         more evidence. Some wait for  ...
Failed to load C:\Users\atfm0\Repositories\method\registry\P0-META\RETRO-PROTO-PROMOTION.yaml: bad indentation of a mapping entry (96:5)

 93 |       The meta-retrospective identi ...
 94 |       These are incorporated into t ...
 95 | 
 96 |     - id: REF-01
----------^
 97 |       finding: "Manual aggregation  ...
 98 |       change: >
Failed to load C:\Users\atfm0\Repositories\method\registry\P0-META\M2-MDIS\M2-MDIS.yaml: bad indentation of a mapping entry (173:3)

 170 |       - "Fabricate observations ( ...
 171 |       - "Skip trial (Ax-3: promot ...
 172 |       - "Compile the method direc ...
 173 |   coverage_claim: "Discoverer see ...
---------^
 174 |   authority_claim: "All five step ...
 175 |   role_partition_rationale: >
Failed to load C:\Users\atfm0\Repositories\method\registry\P0-META\RETRO-ARTIFACTS.yaml: bad indentation of a mapping entry (306:7)

 303 |       - "A gap candidate has clear ev ...
 304 |       - "A proposed delta exists with ...
 305 |       - "The registry maintainer deci ...
 306 |       note: >
-------------^
 307 |         Not every gap candidate trigg ...
 308 |         more evidence. Some wait for  ...
Failed to load C:\Users\atfm0\Repositories\method\registry\P0-META\RETRO-PROTO-PROMOTION.yaml: bad indentation of a mapping entry (96:5)

 93 |       The meta-retrospective identi ...
 94 |       These are incorporated into t ...
 95 | 
 96 |     - id: REF-01
----------^
 97 |       finding: "Manual aggregation  ...
 98 |       change: >
✔ POST /api/resources/copy-methodology: copies methodology between projects (290.6153ms)
✔ POST /api/resources/copy-strategy: copies strategy between projects (65.7098ms)
✔ POST /api/resources/copy-methodology: returns 400 for missing fields (43.5935ms)
✔ POST /api/resources/copy-methodology: handles partial failures gracefully (69.1819ms)
✔ POST /api/resources/copy-methodology: Returns 403 when requester cannot access source project (57.3323ms)
✔ POST /api/resources/copy-strategy: Returns 403 when requester cannot access source project (63.9214ms)
Failed to load manifest from C:\Users\atfm0\AppData\Local\Temp\test-malformed-1774170908712\source\.method\manifest.yaml: unexpected end of the stream within a flow collection (2:1)

 1 | invalid: [yaml: [
 2 | 
-----^
✔ copyMethodology: copies methodology from source to single target (19.4939ms)
✔ copyMethodology: copies methodology to multiple targets (21.8996ms)
✔ copyMethodology: replaces existing methodology in target (14.5661ms)
✔ copyMethodology: handles source not found (6.186ms)
✔ copyMethodology: handles methodology not found in source (11.696ms)
✔ copyMethodology: handles target not found gracefully (7.7605ms)
✔ copyMethodology: handles partial failures (one succeeds, one fails) (16.9343ms)
✔ copyMethodology: creates .method directory if missing (13.5423ms)
✔ copyStrategy: copies strategy from source to target (14.7809ms)
✔ copyStrategy: handles strategy not found (6.9596ms)
✔ copyStrategy: copies strategy to multiple targets (15.6494ms)
✔ Resource Copier: updates last_updated timestamp on copy (11.9754ms)
✔ Resource Copier: handles malformed source manifest gracefully (12.3761ms)
✔ Resource Copier: blocks path traversal with ../ (6.3316ms)
✔ Resource Copier: blocks path traversal in target with ../ (5.903ms)
✔ Resource Copier: blocks absolute paths (4.6312ms)
✔ Resource Copier: allows valid project names (11.4471ms)
✔ Resource Copier: blocks path traversal in strategy copy (4.7991ms)
✔ F-S-1: validateTargetIds rejects empty array (0.1568ms)
✔ F-S-1: validateTargetIds rejects array with more than 100 items (0.1169ms)
✔ F-S-1: validateTargetIds rejects non-array (0.0688ms)
✔ F-S-1: validateTargetIds rejects non-string items (0.0788ms)
✔ F-S-1: validateTargetIds rejects IDs with uppercase (0.0623ms)
✔ F-S-1: validateTargetIds rejects IDs with special chars (0.2052ms)
✔ F-S-1: validateTargetIds rejects IDs shorter than 3 chars (0.1725ms)
✔ F-S-1: validateTargetIds rejects IDs longer than 64 chars (0.1183ms)
✔ F-S-1: validateTargetIds accepts valid IDs with hyphens (0.1314ms)
✔ F-S-1: validateTargetIds accepts valid IDs with underscores (0.0864ms)
✔ F-S-1: validateTargetIds accepts valid IDs with numbers (0.123ms)
✔ F-S-1: validateTargetIds accepts single valid ID (0.1268ms)
✔ F-S-1: validateTargetIds accepts 100 valid IDs (0.1526ms)
✔ F-S-1: copyMethodology rejects invalid target_ids count (0 items) (5.188ms)
✔ F-S-1: copyMethodology rejects invalid target_ids format (uppercase) (6.9044ms)
✔ F-S-1: copyStrategy rejects invalid target_ids (special chars) (5.2297ms)
✔ F-S-7: copyMethodology handles symlink escape attempts (6.3924ms)
✔ F-S-7: Path validation accepts canonical paths (12.3346ms)
✔ F-S-3: validateTargetIds accepts valid single target (0.2062ms)
✔ F-S-3: validateTargetIds accepts valid multiple targets (up to 100) (0.2285ms)
✔ F-S-3: validateTargetIds rejects empty array (0.151ms)
✔ F-S-3: validateTargetIds rejects array with > 100 items (0.1965ms)
✔ F-S-3: validateTargetIds rejects non-array (0.1157ms)
✔ F-S-3: validateTargetIds rejects non-string items (0.0693ms)
✔ F-S-3: validateTargetIds rejects IDs with invalid characters (0.1002ms)
✔ F-S-3: validateTargetIds rejects IDs shorter than 3 chars (0.0613ms)
✔ F-S-3: validateTargetIds rejects IDs longer than 64 chars (0.0702ms)
✔ F-S-3: validateTargetIds accepts valid formats with hyphens and underscores (0.046ms)
✔ F-S-3: validateTargetIds rejects uppercase letters (0.062ms)
▶ generateHookScript (PRD 014)
  ✔ generates a no-op script when allowed_paths is empty (0.7078ms)
  ✔ generates a script with pattern matching for single pattern (0.1884ms)
  ✔ generates a script with multiple patterns (0.1249ms)
  ✔ escapes single quotes in patterns (0.0963ms)
  ✔ includes session ID in comments for traceability (0.0963ms)
  ✔ includes glob_to_regex function for pattern matching (0.0949ms)
✔ generateHookScript (PRD 014) (2.259ms)
▶ matchGlobPattern (PRD 014)
  ✔ matches simple file extension wildcard (0.3244ms)
  ✔ matches * within a directory (no path separators) (0.1838ms)
  ✔ matches ** for any depth (0.1844ms)
  ✔ matches **/ prefix for any directory depth (0.3585ms)
  ✔ does not match paths outside pattern scope (0.1824ms)
  ✔ handles ? wildcard for single character (0.1641ms)
  ✔ handles exact file path matching (0.1593ms)
  ✔ handles patterns with dots correctly (0.1754ms)
✔ matchGlobPattern (PRD 014) (2.7209ms)
▶ isPathAllowed (PRD 014)
  ✔ returns true for any path when allowed_paths is empty (0.1906ms)
  ✔ returns true for paths matching allowed patterns (0.2411ms)
  ✔ returns false for paths outside allowed patterns (0.1391ms)
  ✔ normalizes backslashes to forward slashes (0.0825ms)
  ✔ supports multiple patterns — match any (0.1687ms)
  ✔ no false positives — in-scope files never rejected (SC-8) (0.1423ms)
✔ isPathAllowed (PRD 014) (1.135ms)
▶ installScopeHook (PRD 014)
  ✔ installs hook file with correct content (232.9278ms)
  ✔ creates hooks directory if it does not exist (260.0436ms)
  ✔ returns installed=false when allowed_paths is empty (143.053ms)
  ✔ handles multiple patterns correctly (296.2782ms)
✔ installScopeHook (PRD 014) (932.6397ms)
▶ Scope Hook Integration (PRD 014 SC-1)
  ✔ rejects commit with out-of-scope files (SC-1: hard block) (1513.4986ms)
  ✔ allows commit with in-scope files (SC-8: no false positives) (1811.8644ms)
  ✔ backwards compatible — no hook when allowed_paths empty (SC-4) (1179.0778ms)
✔ Scope Hook Integration (PRD 014 SC-1) (4504.7424ms)
▶ createScopeViolationMatcher (PRD 014)
  ✔ returns no violations when allowed_paths is empty (0.849ms)
  ✔ detects Write to out-of-scope file (1.1033ms)
  ✔ detects Edit to out-of-scope file (1.2161ms)
  ✔ does NOT flag Write to in-scope file (SC-8: no false positives) (0.1745ms)
  ✔ does NOT flag Edit to in-scope file (SC-8) (0.2042ms)
  ✔ does NOT flag Read operations (SC-5: read unrestricted) (0.1269ms)
  ✔ detects multiple out-of-scope files in one chunk (0.2387ms)
  ✔ deduplicates same file path in one chunk (0.1755ms)
  ✔ handles mixed in-scope and out-of-scope operations (0.4271ms)
  ✔ includes allowed_patterns in violation content (0.4585ms)
✔ createScopeViolationMatcher (PRD 014) (6.2799ms)
▶ PtyWatcher scope_violation integration (PRD 014 SC-2)
  ✔ emits scope_violation event when agent writes to out-of-scope file (3.2976ms)
  ✔ does NOT emit scope_violation for in-scope Write (SC-8) (1.0428ms)
  ✔ does NOT emit scope_violation when no allowed_paths configured (SC-4) (0.5406ms)
  ✔ records scope_violation in observations for auto-retro (0.5194ms)
  ✔ invokes onObservation callback for scope_violation (0.4711ms)
✔ PtyWatcher scope_violation integration (PRD 014 SC-2) (6.2008ms)
▶ SpawnQueue
  ✔ executes a single enqueued operation (0.8069ms)
  ✔ enforces minimum gap between consecutive spawns (114.0055ms)
  ✔ does not delay the first spawn (0.2587ms)
  ✔ serializes concurrent enqueue calls (125.9058ms)
  ✔ propagates errors without blocking the queue (0.648ms)
  ✔ reports pending count (218.2313ms)
  ✔ uses default minGapMs when no options provided (0.5047ms)
✔ SpawnQueue (461.7107ms)
▶ generateRetro
  ✔ produces correct structure from execution result (2.4272ms)
  ✔ calculates speedup_ratio correctly (0.4919ms)
  ✔ populates cost per-node breakdown (0.4392ms)
  ✔ aggregates gate retry data correctly (0.3865ms)
  ✔ includes oversight events (0.2861ms)
  ✔ lists artifacts excluding context inputs (0.2483ms)
  ✔ handles failed nodes in execution summary (0.3065ms)
✔ generateRetro (6.1604ms)
▶ computeCriticalPath
  ✔ finds the longest path through a linear DAG (1.1827ms)
  ✔ finds the longest branch in a parallel DAG (0.2957ms)
  ✔ handles empty DAG (0.2638ms)
  ✔ handles single node (0.2407ms)
✔ computeCriticalPath (2.4133ms)
▶ retroToYaml
  ✔ produces valid YAML string (7.1097ms)
  ✔ round-trips cost data through YAML (1.2224ms)
✔ retroToYaml (8.5504ms)
▶ saveRetro
  ✔ saves retro file with correct naming convention (21.2001ms)
  ✔ increments sequence number for same date (5.5012ms)
  ✔ creates directory if it does not exist (4.65ms)
✔ saveRetro (31.7688ms)
▶ evictStaleExecutions
  ✔ eviction function is callable without errors (12.7639ms)
✔ evictStaleExecutions (12.8482ms)
▶ retro gate matching
  ✔ gate matching does not false-positive on substring node IDs (0.2216ms)
✔ retro gate matching (0.2823ms)
▶ Strategy Routes
  ✔ POST /strategies/execute returns 202 with execution_id (410.2486ms)
  ✔ POST /strategies/execute rejects missing yaml and path (10.0562ms)
  ✔ POST /strategies/execute rejects invalid YAML (13.947ms)
  ✔ GET /strategies/:id/status returns 404 for unknown id (7.7723ms)
  ✔ GET /strategies lists executions (6.6429ms)
  ✔ GET /strategies/:id/status returns status for running execution (121.4342ms)
✔ Strategy Routes (570.6759ms)
▶ GET /api/strategies/definitions
  ✔ returns empty definitions array when strategy directory is empty (10.8433ms)
  ✔ returns error message when strategy directory does not exist (6.4051ms)
  ✔ parses a full strategy YAML and returns all expected fields (13.2572ms)
  ✔ parses multiple strategy files (13.3717ms)
  ✔ handles minimal strategy with missing optional fields (11.3637ms)
  ✔ includes error field for YAML files that fail to parse (10.2ms)
  ✔ includes error field for YAML files missing strategy.id (10.5759ms)
  ✔ ignores non-yaml files in the strategy directory (16.0011ms)
  ✔ mixes valid and invalid files in the same response (13.5772ms)
  ✔ also picks up .yml extension files (10.2447ms)
✔ GET /api/strategies/definitions (116.8796ms)
▶ deriveProjectDirName (PRD 013)
  ✔ converts Windows absolute path (1.2282ms)
  ✔ handles paths with trailing separators (0.3615ms)
  ✔ produces consistent results for same path (0.3012ms)
✔ deriveProjectDirName (PRD 013) (3.389ms)
▶ TokenTracker (PRD 013)
  ▶ registerSession + getUsage
    ✔ returns null for unregistered session (3.3676ms)
    ✔ returns null cached value before refreshUsage (2.775ms)
  ✔ registerSession + getUsage (6.5293ms)
  ▶ getAggregate
    ✔ returns zeroes when no sessions registered (3.0062ms)
    ✔ returns zeroes when sessions have no cached usage (2.6877ms)
    ✔ aggregates usage across multiple sessions (11.9071ms)
    ✔ computes cache hit rate correctly (5.9954ms)
  ✔ getAggregate (24.2013ms)
  ▶ refreshUsage
    ✔ returns null for unregistered session (2.6095ms)
    ✔ returns null when project dir not found (3.1028ms)
    ✔ parses usage from JSONL with message.usage format (4.9859ms)
    ✔ parses usage from JSONL with top-level usage format (4.5036ms)
    ✔ skips malformed JSONL lines gracefully (5.5995ms)
    ✔ caches result for subsequent getUsage calls (5.5448ms)
    ✔ handles events with no usage data (5.1669ms)
    ✔ uses fixture file for realistic JSONL parsing (4.923ms)
  ✔ refreshUsage (37.0431ms)
  ▶ edge cases
    ✔ handles missing sessionsDir gracefully (2.7281ms)
    ✔ handles empty JSONL file (6.7996ms)
    ✔ finds most recent JSONL when multiple exist (6.6991ms)
  ✔ edge cases (16.536ms)
✔ TokenTracker (PRD 013) (84.9614ms)
▶ deriveProjectDirName — transcript-reader (PRD 013)
  ✔ converts Windows absolute path (1.1503ms)
  ✔ handles paths with trailing separators (0.5595ms)
  ✔ produces consistent results for same path (0.3562ms)
✔ deriveProjectDirName — transcript-reader (PRD 013) (3.9738ms)
▶ TranscriptReader — getTranscript (PRD 013)
  ✔ parses user message with string content (4.0552ms)
  ✔ parses assistant message with string content (4.0936ms)
  ✔ parses assistant message with text + tool_use blocks (5.3335ms)
  ✔ parses multiple tool_use blocks in a single message (4.6186ms)
  ✔ parses tool_result blocks with string content in user message (3.0544ms)
  ✔ parses tool_result blocks with array content in user message (2.9297ms)
  ✔ skips events with no message field (3.4491ms)
  ✔ skips events with unrecognized role (3.6016ms)
  ✔ skips malformed JSON lines gracefully (5.7504ms)
  ✔ extracts tokens from message.usage (5.1361ms)
  ✔ extracts tokens from top-level usage (event.usage) (5.0548ms)
  ✔ returns undefined tokens when no usage data present (4.6804ms)
  ✔ uses fallback content when text is empty but tool calls exist (4.9572ms)
  ✔ uses [empty] fallback when no text and no tool calls (4.7001ms)
  ✔ returns empty array for nonexistent file (3.6663ms)
  ✔ returns empty array for empty JSONL file (5.3119ms)
  ✔ uses current timestamp when event has no timestamp field (5.1469ms)
  ✔ parses the realistic transcript.jsonl fixture correctly (2.8622ms)
✔ TranscriptReader — getTranscript (PRD 013) (79.7552ms)
▶ TranscriptReader — listSessions (PRD 013)
  ✔ returns empty array when sessions dir does not exist (2.7837ms)
  ✔ returns empty array when project dir does not exist (2.5676ms)
  ✔ returns empty array when project dir has no JSONL files (6.1807ms)
  ✔ lists a single JSONL file with correct metadata (5.4378ms)
  ✔ lists multiple JSONL files sorted by mtime descending (13.4341ms)
  ✔ filters out non-JSONL files (5.7618ms)
✔ TranscriptReader — listSessions (PRD 013) (36.6133ms)
▶ Glob Matcher (minimatch)
  ✔ matches simple wildcard (*) (1.4519ms)
  ✔ matches double wildcard (**) (0.3957ms)
  ✔ matches question mark (?) (0.2742ms)
  ✔ matches character class ([abc]) (0.2875ms)
  ✔ matches brace expansion ({a,b}) (0.3319ms)
  ✔ matches exact paths (0.2553ms)
  ✔ normalizes backslashes (0.171ms)
  ✔ handles **/ prefix for directory matching (0.3216ms)
✔ Glob Matcher (minimatch) (5.5659ms)
▶ DebounceEngine
  ▶ trailing strategy
    ✔ fires after quiet period (2.0514ms)
    ✔ resets timer on each new event (0.4857ms)
    ✔ respects max_batch_size (0.3181ms)
    ✔ batches events within window into single fire (0.2753ms)
  ✔ trailing strategy (3.4681ms)
  ▶ leading strategy
    ✔ fires immediately on first event (0.4108ms)
    ✔ suppresses subsequent events within window (0.3286ms)
    ✔ re-opens window after debounce period (0.2606ms)
    ✔ respects max_batch_size during suppression (0.2076ms)
  ✔ leading strategy (1.3878ms)
  ▶ cancel
    ✔ cancels pending trailing fire (0.2116ms)
    ✔ clears pending event count (0.1754ms)
  ✔ cancel (0.5012ms)
✔ DebounceEngine (5.6387ms)
▶ TriggerParser
  ✔ parses all trigger types from YAML (3.3433ms)
  ✔ separates event triggers from manual/mcp_tool (0.7078ms)
  ✔ parses file_watch config correctly (0.5458ms)
  ✔ parses git_commit config correctly (0.5948ms)
  ✔ hasEventTriggers returns true for strategies with event triggers (0.5908ms)
  ✔ hasEventTriggers returns false for manual-only strategies (0.2394ms)
  ✔ hasEventTriggers returns false for invalid YAML (0.799ms)
  ✔ throws on missing strategy.id (0.5782ms)
  ✔ backward compatible — manual and mcp_tool still parsed (0.4494ms)
✔ TriggerParser (8.3169ms)
▶ TriggerRouter
  ✔ registers triggers from a strategy YAML file (3.3874ms)
  ✔ unregisters all triggers for a strategy (85.9511ms)
  ✔ respects max_concurrent guard (2.773ms)
  ✔ tracks fire count in stats (2.5426ms)
  ✔ enforces max_watchers limit (3.6948ms)
  ✔ pauseAll / resumeAll lifecycle (2.2111ms)
  ✔ setTriggerEnabled toggles a specific trigger (3.28ms)
  ✔ throws on unknown trigger ID (1.3429ms)
  ✔ shutdown clears all registrations (2.8955ms)
  ✔ history is populated after trigger fire and capped (1.2654ms)
  ✔ end-to-end: debounce fire invokes executor with correct args (F-A-1) (681.0995ms)
  ✔ max_concurrent rejects second fire while first is in-flight (F-A-6) (842.2006ms)
✔ TriggerRouter (1633.4254ms)
▶ FileWatchTrigger
  ✔ fires when a matching file is created (616.6206ms)
  ✔ does not fire for non-matching files (618.2015ms)
  ✔ reports correct active state (2.4722ms)
  ✔ has correct type (1.2698ms)
  ✔ handles non-existent watch directory gracefully (2.2228ms)
✔ FileWatchTrigger (1241.1596ms)
▶ GitCommitTrigger
  ✔ detects a new commit via polling (4340.6772ms)
  ✔ reports correct active state (207.7321ms)
  ✔ has correct type (117.081ms)
  ✔ filters by branch_pattern (2112.7564ms)
✔ GitCommitTrigger (6778.6487ms)
▶ Startup Scanning
  ✔ registers triggers from valid strategy files (4.2182ms)
  ✔ skips strategies without event triggers (2.4717ms)
  ✔ logs errors for invalid YAML and continues (3.4578ms)
  ✔ handles non-existent directory gracefully (0.9617ms)
  ✔ scans both .yaml and .yml extensions (90.208ms)
✔ Startup Scanning (101.6161ms)
▶ Cron Parser
  ✔ parses "* * * * *" (every minute) (0.5192ms)
  ✔ parses step expressions (*/15) (0.148ms)
  ✔ parses ranges (1-5) (0.1304ms)
  ✔ parses range with step (1-10/3) (0.0976ms)
  ✔ parses comma-separated values (1,15,30) (0.812ms)
  ✔ parses specific cron expression (0 */6 * * *) (0.1692ms)
  ✔ throws on invalid field count (0.1471ms)
  ✔ throws on out-of-range value (0.1273ms)
  ✔ throws on invalid step (0.1024ms)
  ▶ cronMatches
    ✔ matches a date at midnight UTC on January 1 (Sunday) (0.137ms)
    ✔ does not match wrong minute (0.0924ms)
  ✔ cronMatches (0.292ms)
  ▶ nextCronFire
    ✔ finds the next minute for "* * * * *" (0.1964ms)
    ✔ finds the next matching time for "0 */6 * * *" (0.2577ms)
    ✔ rolls over to next day when needed (0.3493ms)
  ✔ nextCronFire (0.911ms)
✔ Cron Parser (3.7258ms)
▶ ScheduleTrigger
  ✔ fires at the correct cron time using mock timer (0.3642ms)
  ✔ does not fire when stopped (0.108ms)
  ✔ has correct type (0.0695ms)
  ✔ fires multiple times for every-minute cron (0.129ms)
✔ ScheduleTrigger (0.7701ms)
▶ Sandboxed Expression Evaluator
  ✔ evaluates truthy expression (0.3137ms)
  ✔ evaluates falsy expression (0.1183ms)
  ✔ handles complex boolean expressions (0.1149ms)
  ✔ returns false with error for invalid expressions (0.1544ms)
  ✔ blocks access to process (0.112ms)
  ✔ blocks access to require (0.0781ms)
  ✔ handles optional chaining (0.1058ms)
  ✔ handles missing properties gracefully (0.2606ms)
✔ Sandboxed Expression Evaluator (1.4119ms)
▶ PtyWatcherTrigger
  ✔ fires when observation matches pattern (0.1919ms)
  ✔ does not fire for non-matching pattern (0.2169ms)
  ✔ applies condition expression to filter (0.3788ms)
  ✔ does not fire when inactive (0.1672ms)
  ✔ has correct type (0.1033ms)
  ✔ handles invalid condition gracefully (0.2278ms)
✔ PtyWatcherTrigger (1.5612ms)
▶ ChannelEventTrigger
  ✔ fires when event type matches (0.3872ms)
  ✔ does not fire for non-matching event type (0.1506ms)
  ✔ applies filter expression (0.4329ms)
  ✔ does not fire when inactive (0.223ms)
  ✔ has correct type (0.1487ms)
  ✔ handles invalid filter gracefully (0.2225ms)
✔ ChannelEventTrigger (1.7988ms)
▶ TriggerParser (Phase 2a-2 types)
  ✔ parses schedule trigger (0.4174ms)
  ✔ parses pty_watcher trigger (0.2053ms)
  ✔ parses channel_event trigger (0.2324ms)
  ✔ skips schedule trigger without cron field (0.1464ms)
  ✔ skips pty_watcher trigger without pattern field (0.1534ms)
  ✔ skips channel_event trigger without event_types field (0.1147ms)
  ✔ hasEventTriggers detects schedule/pty_watcher/channel_event (0.1664ms)
✔ TriggerParser (Phase 2a-2 types) (1.6838ms)
▶ TriggerRouter (Phase 2a-2)
  ✔ registers schedule trigger from YAML (2.7438ms)
  ✔ registers pty_watcher trigger from YAML (2.8913ms)
  ✔ registers channel_event trigger from YAML (3.2036ms)
  ✔ onObservation forwards to pty_watcher triggers and fires executor (208.5579ms)
  ✔ onObservation does not fire for non-matching observations (214.7775ms)
  ✔ onChannelMessage forwards to channel_event triggers and fires executor (217.6876ms)
  ✔ onChannelMessage does not fire for non-matching event types (216.7668ms)
  ✔ pausing prevents onObservation and onChannelMessage from firing (220.5645ms)
✔ TriggerRouter (Phase 2a-2) (1088.0233ms)
▶ WebhookTrigger
  ✔ fires with valid HMAC signature (1.1976ms)
  ✔ rejects invalid HMAC signature (0.2916ms)
  ✔ rejects missing signature when secret_env is configured (0.2074ms)
  ✔ accepts webhook without secret_env (no HMAC required) (0.1373ms)
  ✔ applies filter expression to payload (0.2874ms)
  ✔ returns 503 when trigger is not active (0.0758ms)
  ✔ has correct type and path (0.0939ms)
  ✔ defaults methods to POST (0.0577ms)
  ✔ reports correct active state (0.0724ms)
  ✔ sanitizes sensitive headers from context (0.1657ms)
✔ WebhookTrigger (2.8104ms)
▶ TriggerParser (Phase 2a-3 webhook)
  ✔ parses webhook trigger (0.2102ms)
  ✔ skips webhook trigger without path field (0.0853ms)
  ✔ hasEventTriggers detects webhook (0.0632ms)
✔ TriggerParser (Phase 2a-3 webhook) (0.4222ms)
▶ TriggerRouter (Phase 2a-3 webhook)
  ✔ registers webhook trigger from YAML (1.8264ms)
  ✔ webhook trigger fires executor on valid handleWebhook (210.3261ms)
✔ TriggerRouter (Phase 2a-3 webhook) (212.339ms)
▶ Hot Reload (Phase 2a-3)
  ✔ adds new strategy files on reload (2.5546ms)
  ✔ removes deleted strategy files on reload (1.6298ms)
  ✔ updates changed strategy files on reload (2.1724ms)
  ✔ handles non-existent directory on reload (0.7198ms)
  ✔ reports errors for invalid YAML on reload (2.1593ms)
✔ Hot Reload (Phase 2a-3) (9.4056ms)
▶ Phase 2a-4: Dashboard Trigger Panel
  ✔ renders disabled message when no provider (0.2208ms)
  ✔ renders trigger status table with registered triggers (0.3023ms)
  ✔ renders maintenance mode banner when paused (0.1183ms)
  ✔ renders fire history timeline (12.327ms)
  ✔ shows empty state when no triggers registered (0.186ms)
✔ Phase 2a-4: Dashboard Trigger Panel (13.2827ms)
▶ Phase 2a-4: triggerStatusClass
  ✔ returns trigger-active for enabled, not paused, no errors (0.0804ms)
  ✔ returns trigger-warning for enabled with errors (0.0431ms)
  ✔ returns trigger-disabled for not enabled (0.036ms)
  ✔ returns trigger-paused when paused (regardless of enabled) (0.1484ms)
✔ Phase 2a-4: triggerStatusClass (0.3826ms)
▶ Phase 2a-4: trigger_fired Channel Events
  ✔ emits trigger_fired event via onTriggerFired callback after fire (677.6835ms)
✔ Phase 2a-4: trigger_fired Channel Events (677.8169ms)
▶ Phase 2a-4: Watcher Crash Recovery
  ✔ recovers from watcher start() failure without affecting other watchers (3.6137ms)
✔ Phase 2a-4: Watcher Crash Recovery (3.6815ms)
▶ Phase 2a-4: Debounce Performance
  ✔ 100 rapid events with max_batch_size=10 produces at most 10 fires (0.3659ms)
  ✔ 100 rapid events with leading strategy produce bounded fires (0.3587ms)
✔ Phase 2a-4: Debounce Performance (0.7963ms)
▶ parseBucket (PRD 013)
  ✔ extracts valid bucket with utilization and resets_at (0.7276ms)
  ✔ returns defaults when key is missing from body (0.1141ms)
  ✔ returns defaults when bucket is not an object (0.0875ms)
  ✔ returns defaults when bucket is null (0.0761ms)
  ✔ falls back to percent_used when utilization is absent (0.1628ms)
  ✔ prefers utilization over percent_used when both present (0.1008ms)
  ✔ returns 0 utilization when neither utilization nor percent_used present (0.0832ms)
  ✔ falls back to reset_at when resets_at is absent (0.1214ms)
  ✔ prefers resets_at over reset_at when both present (0.2491ms)
  ✔ returns null resets_at when neither resets_at nor reset_at present (0.2793ms)
  ✔ handles utilization of zero correctly (0.1465ms)
  ✔ handles utilization of 100 correctly (0.1337ms)
✔ parseBucket (PRD 013) (4.1423ms)
▶ parseExtraUsage (PRD 013)
  ✔ extracts valid extra_usage with enabled=true (0.9251ms)
  ✔ extracts valid extra_usage with enabled=false (0.0774ms)
  ✔ returns null when extra_usage key is missing (0.054ms)
  ✔ returns null when extra_usage is null (0.0606ms)
  ✔ returns null when extra_usage is not an object (0.078ms)
  ✔ coerces truthy enabled value to boolean (0.0948ms)
  ✔ coerces falsy enabled value to boolean (0.098ms)
  ✔ returns enabled=false when enabled field is missing (0.1169ms)
✔ parseExtraUsage (PRD 013) (1.7642ms)
▶ createUsagePoller (PRD 013)
  ▶ getStatus
    ✔ returns "not_configured" when no token provided (null) (0.3749ms)
    ✔ returns "polling" on fresh start before any poll completes (0.1103ms)
    ✔ returns "ok" after a successful poll (76.2343ms)
    ✔ returns "scope_error" after 403 response (62.7742ms)
    ✔ returns "network_error" after fetch throws (62.9256ms)
    ✔ stays "not_configured" even after start() when no token (0.2958ms)
  ✔ getStatus (203.0664ms)
  ▶ status transitions
    ✔ transitions polling → ok after successful fetch (62.1845ms)
    ✔ transitions polling → scope_error after 403 (62.2899ms)
    ✔ transitions polling → network_error after fetch throws (61.831ms)
    ✔ not_configured stays not_configured after start() (62.2068ms)
    ✔ stays "ok" after successful poll even if subsequent poll gets non-ok HTTP (62.3294ms)
    ✔ network_error with existing cache still returns "ok" (124.7111ms)
  ✔ status transitions (436.4744ms)
  ▶ getCached
    ✔ returns null before any poll (0.4156ms)
    ✔ returns null when no token configured (0.2105ms)
    ✔ returns populated data after successful poll (60.9422ms)
    ✔ retains cached data after a failed subsequent poll (125.0247ms)
    ✔ returns null after 403 (stop is called, no cache populated) (61.8608ms)
    ✔ polled_at is a valid ISO timestamp (62.1319ms)
  ✔ getCached (311.2869ms)
  ▶ start / stop
    ✔ start is a no-op when no token (0.3804ms)
    ✔ stop clears the interval and prevents further polling (247.5378ms)
    ✔ stop can be called multiple times without error (61.1813ms)
    ✔ start triggers an immediate first poll (61.2685ms)
  ✔ start / stop (370.8467ms)
  ▶ full integration with realistic API response
    ✔ parses all four buckets and extra_usage from a realistic response (61.8128ms)
    ✔ handles API response with percent_used fallback field (60.1672ms)
[usage-poller] 403 Forbidden — stopping subscription usage polling. Check CLAUDE_OAUTH_TOKEN.
[usage-poller] Network error — will retry on next interval: fetch failed: ECONNREFUSED
[usage-poller] 403 Forbidden — stopping subscription usage polling. Check CLAUDE_OAUTH_TOKEN.
[usage-poller] Network error — will retry on next interval: fetch failed: ECONNREFUSED
[usage-poller] Network error — will retry on next interval: fetch failed: ECONNREFUSED
[usage-poller] Network error — will retry on next interval: fetch failed: ECONNREFUSED
[usage-poller] 403 Forbidden — stopping subscription usage polling. Check CLAUDE_OAUTH_TOKEN.
    ✔ handles API response with missing buckets gracefully (4230.722ms)
    ✔ sends correct Authorization header and anthropic-beta header (54.0258ms)
    ✔ polls the correct URL (62.4386ms)
  ✔ full integration with realistic API response (4469.7293ms)
  ▶ 403 handling
    ✔ stops polling after receiving 403 (293.1228ms)
  ✔ 403 handling (293.4095ms)
  ▶ non-OK HTTP status handling
    ✔ does not update cache on 500 error (62.1709ms)
  ✔ non-OK HTTP status handling (62.3924ms)
✔ createUsagePoller (PRD 013) (6147.8341ms)
[usage-poller] 403 Forbidden — stopping subscription usage polling. Check CLAUDE_OAUTH_TOKEN.
[usage-poller] HTTP 500 — will retry on next interval
▶ Worktree Isolation (PRD 006 Component 2)
  ▶ WorktreeInfo defaults
    ✔ shared session has metals_available: true and no worktree path (1.4463ms)
    ✔ status includes worktree info (0.3142ms)
    ✔ list includes worktree info for all sessions (0.3403ms)
  ✔ WorktreeInfo defaults (2.7609ms)
  ▶ kill with worktree_action
    ✔ kill returns worktree_cleaned: false for shared sessions (0.2707ms)
    ✔ kill without worktree_action defaults to keep (0.1691ms)
  ✔ kill with worktree_action (0.5764ms)
✔ Worktree Isolation (PRD 006 Component 2) (3.7613ms)
▶ Stale Detection (PRD 006 Component 4)
  ▶ stale flag defaults
    ✔ new session is not stale (0.2675ms)
    ✔ list includes stale flag (1.6977ms)
  ✔ stale flag defaults (2.1927ms)
  ▶ checkStale()
    ✔ returns empty arrays when no sessions are stale (1.3763ms)
    ✔ marks session stale after stale_timeout_ms (0.5122ms)
    ✔ does not mark dead sessions as stale (0.3924ms)
    ✔ auto-kills session after kill_timeout_ms (0.2327ms)
    ✔ emits stale event to channels when marking stale (0.3648ms)
    ✔ emits stale event with auto_killed action when killing (0.2264ms)
    ✔ does not double-mark already stale sessions (0.1571ms)
    ✔ uses custom timeout_ms when provided (0.1402ms)
    ✔ multiple sessions can be stale independently (0.1652ms)
  ✔ checkStale() (3.9671ms)
✔ Stale Detection (PRD 006 Component 4) (6.3732ms)
▶ InMemoryArtifactStore
  ▶ put()
    ✔ creates version 1 on first write (2.4228ms)
    ✔ increments version on subsequent writes (0.2915ms)
  ✔ put() (3.6483ms)
  ▶ get()
    ✔ returns the latest version (0.3654ms)
    ✔ returns null for non-existent artifact (0.1564ms)
  ✔ get() (0.7755ms)
  ▶ getVersion()
    ✔ returns a specific version (1-indexed) (0.5205ms)
    ✔ returns null for non-existent version (0.2559ms)
    ✔ returns null for non-existent artifact (0.1998ms)
  ✔ getVersion() (1.3945ms)
  ▶ snapshot()
    ✔ returns frozen object with latest versions (0.9007ms)
    ✔ is independent of subsequent puts (immutability) (0.3358ms)
  ✔ snapshot() (1.4928ms)
  ▶ history()
    ✔ returns all versions in order (0.4194ms)
    ✔ returns empty array for non-existent artifact (0.2031ms)
    ✔ returns a defensive copy (not the internal array) (0.2039ms)
  ✔ history() (1.0615ms)
  ▶ multiple artifacts
    ✔ can coexist independently (0.186ms)
  ✔ multiple artifacts (0.2702ms)
  ▶ createArtifactStore()
    ✔ returns a functional ArtifactStore (0.2276ms)
  ✔ createArtifactStore() (0.4426ms)
✔ InMemoryArtifactStore (11.379ms)
✔ packages\core\src\__tests__\event-persistence-contract.test.ts (4476.9894ms)
▶ EventPersistence Contract
  ▶ append
    ✔ appends a single event (0.8768ms)
    ✔ appends multiple events in order (0.2796ms)
    ✔ preserves event immutability (round-trip) (0.6902ms)
  ✔ append (2.5508ms)
  ▶ query
    ✔ filters by projectId (0.5326ms)
    ✔ filters by type (0.3984ms)
    ✔ filters by both projectId and type (0.2713ms)
    ✔ filters by date range (since) (0.1835ms)
    ✔ filters by date range (until) (0.9926ms)
    ✔ returns empty array on no matches (0.1592ms)
    ✔ returns all events on empty filter (0.1709ms)
  ✔ query (3.0824ms)
  ▶ latest
    ✔ returns N most recent events (0.2057ms)
    ✔ returns events in reverse chronological order (most recent first) (0.2231ms)
    ✔ respects count limit (0.1404ms)
    ✔ returns all events if count exceeds total (0.1802ms)
    ✔ returns empty array for count 0 (0.1136ms)
  ✔ latest (1.0365ms)
  ▶ projectId index optimization
    ✔ returns same results with index optimization as without (0.4554ms)
    ✔ handles projectId that does not exist (0.1038ms)
    ✔ combines projectId index with type filter (0.1269ms)
    ✔ preserves index correctness after recovery (0.0974ms)
  ✔ projectId index optimization (0.9361ms)
✔ EventPersistence Contract (8.1003ms)
▶ evaluateGateExpression
  ✔ passes on simple truthy expression (1.8904ms)
  ✔ fails on simple falsy expression (0.4279ms)
  ✔ evaluates expressions accessing artifacts (0.3384ms)
  ✔ evaluates expressions accessing execution_metadata (0.3366ms)
  ✔ returns failed with error message on syntax error (0.3292ms)
  ✔ returns failed (not throws) when accessing undefined property (0.3936ms)
  ✔ cannot access process (sandbox) (0.2939ms)
  ✔ cannot access require (sandbox) (0.2772ms)
  ✔ cannot access globalThis (sandbox) (0.3515ms)
  ✔ cannot use Function constructor (sandbox) (0.4757ms)
  ✔ context objects are frozen (cannot be mutated by expression) (1.2608ms)
  ✔ handles complex boolean expressions (0.2677ms)
  ✔ handles expression returning 0 as falsy (0.2127ms)
  ✔ handles expression returning non-empty string as truthy (0.2023ms)
  ✔ times out on long-running expression (0.2274ms)
✔ evaluateGateExpression (9.1533ms)
▶ evaluateGate
  ✔ algorithmic gate passes when expression is true (0.3497ms)
  ✔ algorithmic gate fails when expression is false (0.2178ms)
  ✔ observation gate evaluates against execution_metadata (0.257ms)
  ✔ observation gate fails on metadata violation (0.2073ms)
  ✔ human approval gate always returns not passed with suspension message (0.1796ms)
  ✔ human approval gate ignores check expression (0.1425ms)
✔ evaluateGate (1.6165ms)
▶ buildRetryFeedback
  ✔ generates correct retry prompt format (0.2493ms)
  ✔ includes attempt number and max retries (0.1072ms)
  ✔ includes gate check expression (0.1027ms)
  ✔ includes failure reason (0.095ms)
  ✔ handles missing feedback gracefully (0.1264ms)
  ✔ includes provided feedback (0.1317ms)
✔ buildRetryFeedback (1.055ms)
▶ getDefaultRetries
  ✔ returns 3 for algorithmic gates (0.1889ms)
  ✔ returns 2 for observation gates (0.1112ms)
  ✔ returns 0 for human_approval gates (0.1241ms)
✔ getDefaultRetries (0.568ms)
▶ getDefaultTimeout
  ✔ returns 5000 for algorithmic gates (0.1485ms)
  ✔ returns 5000 for observation gates (0.0852ms)
  ✔ returns 5000 for human_approval gates (0.0912ms)
✔ getDefaultTimeout (0.4731ms)
Failed to load C:\Users\atfm0\Repositories\method\registry\P0-META\M2-MDIS\M2-MDIS.yaml: bad indentation of a mapping entry (173:3)

 170 |       - "Fabricate observations ( ...
 171 |       - "Skip trial (Ax-3: promot ...
 172 |       - "Compile the method direc ...
 173 |   coverage_claim: "Discoverer see ...
---------^
 174 |   authority_claim: "All five step ...
 175 |   role_partition_rationale: >
Failed to load C:\Users\atfm0\Repositories\method\registry\P0-META\RETRO-ARTIFACTS.yaml: bad indentation of a mapping entry (306:7)

 303 |       - "A gap candidate has clear ev ...
 304 |       - "A proposed delta exists with ...
 305 |       - "The registry maintainer deci ...
 306 |       note: >
-------------^
 307 |         Not every gap candidate trigg ...
 308 |         more evidence. Some wait for  ...
Failed to load C:\Users\atfm0\Repositories\method\registry\P0-META\RETRO-PROTO-PROMOTION.yaml: bad indentation of a mapping entry (96:5)

 93 |       The meta-retrospective identi ...
 94 |       These are incorporated into t ...
 95 | 
 96 |     - id: REF-01
----------^
 97 |       finding: "Manual aggregation  ...
 98 |       change: >
Failed to load C:\Users\atfm0\Repositories\method\registry\P0-META\M2-MDIS\M2-MDIS.yaml: bad indentation of a mapping entry (173:3)

 170 |       - "Fabricate observations ( ...
 171 |       - "Skip trial (Ax-3: promot ...
 172 |       - "Compile the method direc ...
 173 |   coverage_claim: "Discoverer see ...
---------^
 174 |   authority_claim: "All five step ...
 175 |   role_partition_rationale: >
Failed to load C:\Users\atfm0\Repositories\method\registry\P0-META\RETRO-ARTIFACTS.yaml: bad indentation of a mapping entry (306:7)

 303 |       - "A gap candidate has clear ev ...
 304 |       - "A proposed delta exists with ...
 305 |       - "The registry maintainer deci ...
 306 |       note: >
-------------^
 307 |         Not every gap candidate trigg ...
 308 |         more evidence. Some wait for  ...
Failed to load C:\Users\atfm0\Repositories\method\registry\P0-META\RETRO-PROTO-PROMOTION.yaml: bad indentation of a mapping entry (96:5)

 93 |       The meta-retrospective identi ...
 94 |       These are incorporated into t ...
 95 | 
 96 |     - id: REF-01
----------^
 97 |       finding: "Manual aggregation  ...
 98 |       change: >
Failed to load C:\Users\atfm0\Repositories\method\registry\P0-META\M2-MDIS\M2-MDIS.yaml: bad indentation of a mapping entry (173:3)

 170 |       - "Fabricate observations ( ...
 171 |       - "Skip trial (Ax-3: promot ...
 172 |       - "Compile the method direc ...
 173 |   coverage_claim: "Discoverer see ...
---------^
 174 |   authority_claim: "All five step ...
 175 |   role_partition_rationale: >
Failed to load C:\Users\atfm0\Repositories\method\registry\P0-META\RETRO-ARTIFACTS.yaml: bad indentation of a mapping entry (306:7)

 303 |       - "A gap candidate has clear ev ...
 304 |       - "A proposed delta exists with ...
 305 |       - "The registry maintainer deci ...
 306 |       note: >
-------------^
 307 |         Not every gap candidate trigg ...
 308 |         more evidence. Some wait for  ...
Failed to load C:\Users\atfm0\Repositories\method\registry\P0-META\RETRO-PROTO-PROMOTION.yaml: bad indentation of a mapping entry (96:5)

 93 |       The meta-retrospective identi ...
 94 |       These are incorporated into t ...
 95 | 
 96 |     - id: REF-01
----------^
 97 |       finding: "Manual aggregation  ...
 98 |       change: >
Failed to load C:\Users\atfm0\Repositories\method\registry\P0-META\M2-MDIS\M2-MDIS.yaml: bad indentation of a mapping entry (173:3)

 170 |       - "Fabricate observations ( ...
 171 |       - "Skip trial (Ax-3: promot ...
 172 |       - "Compile the method direc ...
 173 |   coverage_claim: "Discoverer see ...
---------^
 174 |   authority_claim: "All five step ...
 175 |   role_partition_rationale: >
Failed to load C:\Users\atfm0\Repositories\method\registry\P0-META\RETRO-ARTIFACTS.yaml: bad indentation of a mapping entry (306:7)

 303 |       - "A gap candidate has clear ev ...
 304 |       - "A proposed delta exists with ...
 305 |       - "The registry maintainer deci ...
 306 |       note: >
-------------^
 307 |         Not every gap candidate trigg ...
 308 |         more evidence. Some wait for  ...
Failed to load C:\Users\atfm0\Repositories\method\registry\P0-META\RETRO-PROTO-PROMOTION.yaml: bad indentation of a mapping entry (96:5)

 93 |       The meta-retrospective identi ...
 94 |       These are incorporated into t ...
 95 | 
 96 |     - id: REF-01
----------^
 97 |       finding: "Manual aggregation  ...
 98 |       change: >
Failed to load C:\Users\atfm0\Repositories\method\registry\P0-META\M2-MDIS\M2-MDIS.yaml: bad indentation of a mapping entry (173:3)

 170 |       - "Fabricate observations ( ...
 171 |       - "Skip trial (Ax-3: promot ...
 172 |       - "Compile the method direc ...
 173 |   coverage_claim: "Discoverer see ...
---------^
 174 |   authority_claim: "All five step ...
 175 |   role_partition_rationale: >
Failed to load C:\Users\atfm0\Repositories\method\registry\P0-META\RETRO-ARTIFACTS.yaml: bad indentation of a mapping entry (306:7)

 303 |       - "A gap candidate has clear ev ...
 304 |       - "A proposed delta exists with ...
 305 |       - "The registry maintainer deci ...
 306 |       note: >
-------------^
 307 |         Not every gap candidate trigg ...
 308 |         more evidence. Some wait for  ...
Failed to load C:\Users\atfm0\Repositories\method\registry\P0-META\RETRO-PROTO-PROMOTION.yaml: bad indentation of a mapping entry (96:5)

 93 |       The meta-retrospective identi ...
 94 |       These are incorporated into t ...
 95 | 
 96 |     - id: REF-01
----------^
 97 |       finding: "Manual aggregation  ...
 98 |       change: >
Failed to load C:\Users\atfm0\Repositories\method\registry\P0-META\M2-MDIS\M2-MDIS.yaml: bad indentation of a mapping entry (173:3)

 170 |       - "Fabricate observations ( ...
 171 |       - "Skip trial (Ax-3: promot ...
 172 |       - "Compile the method direc ...
 173 |   coverage_claim: "Discoverer see ...
---------^
 174 |   authority_claim: "All five step ...
 175 |   role_partition_rationale: >
Failed to load C:\Users\atfm0\Repositories\method\registry\P0-META\RETRO-ARTIFACTS.yaml: bad indentation of a mapping entry (306:7)

 303 |       - "A gap candidate has clear ev ...
 304 |       - "A proposed delta exists with ...
 305 |       - "The registry maintainer deci ...
 306 |       note: >
-------------^
 307 |         Not every gap candidate trigg ...
 308 |         more evidence. Some wait for  ...
Failed to load C:\Users\atfm0\Repositories\method\registry\P0-META\RETRO-PROTO-PROMOTION.yaml: bad indentation of a mapping entry (96:5)

 93 |       The meta-retrospective identi ...
 94 |       These are incorporated into t ...
 95 | 
 96 |     - id: REF-01
----------^
 97 |       finding: "Manual aggregation  ...
 98 |       change: >
Failed to load C:\Users\atfm0\Repositories\method\registry\P0-META\M2-MDIS\M2-MDIS.yaml: bad indentation of a mapping entry (173:3)

 170 |       - "Fabricate observations ( ...
 171 |       - "Skip trial (Ax-3: promot ...
 172 |       - "Compile the method direc ...
 173 |   coverage_claim: "Discoverer see ...
---------^
 174 |   authority_claim: "All five step ...
 175 |   role_partition_rationale: >
Failed to load C:\Users\atfm0\Repositories\method\registry\P0-META\RETRO-ARTIFACTS.yaml: bad indentation of a mapping entry (306:7)

 303 |       - "A gap candidate has clear ev ...
 304 |       - "A proposed delta exists with ...
 305 |       - "The registry maintainer deci ...
 306 |       note: >
-------------^
 307 |         Not every gap candidate trigg ...
 308 |         more evidence. Some wait for  ...
Failed to load C:\Users\atfm0\Repositories\method\registry\P0-META\RETRO-PROTO-PROMOTION.yaml: bad indentation of a mapping entry (96:5)

 93 |       The meta-retrospective identi ...
 94 |       These are incorporated into t ...
 95 | 
 96 |     - id: REF-01
----------^
 97 |       finding: "Manual aggregation  ...
 98 |       change: >
Failed to load C:\Users\atfm0\Repositories\method\registry\P0-META\M2-MDIS\M2-MDIS.yaml: bad indentation of a mapping entry (173:3)

 170 |       - "Fabricate observations ( ...
 171 |       - "Skip trial (Ax-3: promot ...
 172 |       - "Compile the method direc ...
 173 |   coverage_claim: "Discoverer see ...
---------^
 174 |   authority_claim: "All five step ...
 175 |   role_partition_rationale: >
Failed to load C:\Users\atfm0\Repositories\method\registry\P0-META\RETRO-ARTIFACTS.yaml: bad indentation of a mapping entry (306:7)

 303 |       - "A gap candidate has clear ev ...
 304 |       - "A proposed delta exists with ...
 305 |       - "The registry maintainer deci ...
 306 |       note: >
-------------^
 307 |         Not every gap candidate trigg ...
 308 |         more evidence. Some wait for  ...
Failed to load C:\Users\atfm0\Repositories\method\registry\P0-META\RETRO-PROTO-PROMOTION.yaml: bad indentation of a mapping entry (96:5)

 93 |       The meta-retrospective identi ...
 94 |       These are incorporated into t ...
 95 | 
 96 |     - id: REF-01
----------^
 97 |       finding: "Manual aggregation  ...
 98 |       change: >
Failed to load C:\Users\atfm0\Repositories\method\registry\P0-META\M2-MDIS\M2-MDIS.yaml: bad indentation of a mapping entry (173:3)

 170 |       - "Fabricate observations ( ...
 171 |       - "Skip trial (Ax-3: promot ...
 172 |       - "Compile the method direc ...
 173 |   coverage_claim: "Discoverer see ...
---------^
 174 |   authority_claim: "All five step ...
 175 |   role_partition_rationale: >
Failed to load C:\Users\atfm0\Repositories\method\registry\P0-META\RETRO-ARTIFACTS.yaml: bad indentation of a mapping entry (306:7)

 303 |       - "A gap candidate has clear ev ...
 304 |       - "A proposed delta exists with ...
 305 |       - "The registry maintainer deci ...
 306 |       note: >
-------------^
 307 |         Not every gap candidate trigg ...
 308 |         more evidence. Some wait for  ...
Failed to load C:\Users\atfm0\Repositories\method\registry\P0-META\RETRO-PROTO-PROMOTION.yaml: bad indentation of a mapping entry (96:5)

 93 |       The meta-retrospective identi ...
 94 |       These are incorporated into t ...
 95 | 
 96 |     - id: REF-01
----------^
 97 |       finding: "Manual aggregation  ...
 98 |       change: >
Failed to load C:\Users\atfm0\Repositories\method\registry\P0-META\M2-MDIS\M2-MDIS.yaml: bad indentation of a mapping entry (173:3)

 170 |       - "Fabricate observations ( ...
 171 |       - "Skip trial (Ax-3: promot ...
 172 |       - "Compile the method direc ...
 173 |   coverage_claim: "Discoverer see ...
---------^
 174 |   authority_claim: "All five step ...
 175 |   role_partition_rationale: >
Failed to load C:\Users\atfm0\Repositories\method\registry\P0-META\RETRO-ARTIFACTS.yaml: bad indentation of a mapping entry (306:7)

 303 |       - "A gap candidate has clear ev ...
 304 |       - "A proposed delta exists with ...
 305 |       - "The registry maintainer deci ...
 306 |       note: >
-------------^
 307 |         Not every gap candidate trigg ...
 308 |         more evidence. Some wait for  ...
Failed to load C:\Users\atfm0\Repositories\method\registry\P0-META\RETRO-PROTO-PROMOTION.yaml: bad indentation of a mapping entry (96:5)

 93 |       The meta-retrospective identi ...
 94 |       These are incorporated into t ...
 95 | 
 96 |     - id: REF-01
----------^
 97 |       finding: "Manual aggregation  ...
 98 |       change: >
Failed to load C:\Users\atfm0\Repositories\method\registry\P0-META\M2-MDIS\M2-MDIS.yaml: bad indentation of a mapping entry (173:3)

 170 |       - "Fabricate observations ( ...
 171 |       - "Skip trial (Ax-3: promot ...
 172 |       - "Compile the method direc ...
 173 |   coverage_claim: "Discoverer see ...
---------^
 174 |   authority_claim: "All five step ...
 175 |   role_partition_rationale: >
Failed to load C:\Users\atfm0\Repositories\method\registry\P0-META\RETRO-ARTIFACTS.yaml: bad indentation of a mapping entry (306:7)

 303 |       - "A gap candidate has clear ev ...
 304 |       - "A proposed delta exists with ...
 305 |       - "The registry maintainer deci ...
 306 |       note: >
-------------^
 307 |         Not every gap candidate trigg ...
 308 |         more evidence. Some wait for  ...
Failed to load C:\Users\atfm0\Repositories\method\registry\P0-META\RETRO-PROTO-PROMOTION.yaml: bad indentation of a mapping entry (96:5)

 93 |       The meta-retrospective identi ...
 94 |       These are incorporated into t ...
 95 | 
 96 |     - id: REF-01
----------^
 97 |       finding: "Manual aggregation  ...
 98 |       change: >
Failed to load C:\Users\atfm0\Repositories\method\registry\P0-META\M2-MDIS\M2-MDIS.yaml: bad indentation of a mapping entry (173:3)

 170 |       - "Fabricate observations ( ...
 171 |       - "Skip trial (Ax-3: promot ...
 172 |       - "Compile the method direc ...
 173 |   coverage_claim: "Discoverer see ...
---------^
 174 |   authority_claim: "All five step ...
 175 |   role_partition_rationale: >
Failed to load C:\Users\atfm0\Repositories\method\registry\P0-META\RETRO-ARTIFACTS.yaml: bad indentation of a mapping entry (306:7)

 303 |       - "A gap candidate has clear ev ...
 304 |       - "A proposed delta exists with ...
 305 |       - "The registry maintainer deci ...
 306 |       note: >
-------------^
 307 |         Not every gap candidate trigg ...
 308 |         more evidence. Some wait for  ...
Failed to load C:\Users\atfm0\Repositories\method\registry\P0-META\RETRO-PROTO-PROMOTION.yaml: bad indentation of a mapping entry (96:5)

 93 |       The meta-retrospective identi ...
 94 |       These are incorporated into t ...
 95 | 
 96 |     - id: REF-01
----------^
 97 |       finding: "Manual aggregation  ...
 98 |       change: >
Failed to load C:\Users\atfm0\Repositories\method\registry\P0-META\M2-MDIS\M2-MDIS.yaml: bad indentation of a mapping entry (173:3)

 170 |       - "Fabricate observations ( ...
 171 |       - "Skip trial (Ax-3: promot ...
 172 |       - "Compile the method direc ...
 173 |   coverage_claim: "Discoverer see ...
---------^
 174 |   authority_claim: "All five step ...
 175 |   role_partition_rationale: >
Failed to load C:\Users\atfm0\Repositories\method\registry\P0-META\RETRO-ARTIFACTS.yaml: bad indentation of a mapping entry (306:7)

 303 |       - "A gap candidate has clear ev ...
 304 |       - "A proposed delta exists with ...
 305 |       - "The registry maintainer deci ...
 306 |       note: >
-------------^
 307 |         Not every gap candidate trigg ...
 308 |         more evidence. Some wait for  ...
Failed to load C:\Users\atfm0\Repositories\method\registry\P0-META\RETRO-PROTO-PROMOTION.yaml: bad indentation of a mapping entry (96:5)

 93 |       The meta-retrospective identi ...
 94 |       These are incorporated into t ...
 95 | 
 96 |     - id: REF-01
----------^
 97 |       finding: "Manual aggregation  ...
 98 |       change: >
Failed to load C:\Users\atfm0\Repositories\method\registry\P0-META\M2-MDIS\M2-MDIS.yaml: bad indentation of a mapping entry (173:3)

 170 |       - "Fabricate observations ( ...
 171 |       - "Skip trial (Ax-3: promot ...
 172 |       - "Compile the method direc ...
 173 |   coverage_claim: "Discoverer see ...
---------^
 174 |   authority_claim: "All five step ...
 175 |   role_partition_rationale: >
Failed to load C:\Users\atfm0\Repositories\method\registry\P0-META\RETRO-ARTIFACTS.yaml: bad indentation of a mapping entry (306:7)

 303 |       - "A gap candidate has clear ev ...
 304 |       - "A proposed delta exists with ...
 305 |       - "The registry maintainer deci ...
 306 |       note: >
-------------^
 307 |         Not every gap candidate trigg ...
 308 |         more evidence. Some wait for  ...
Failed to load C:\Users\atfm0\Repositories\method\registry\P0-META\RETRO-PROTO-PROMOTION.yaml: bad indentation of a mapping entry (96:5)

 93 |       The meta-retrospective identi ...
 94 |       These are incorporated into t ...
 95 | 
 96 |     - id: REF-01
----------^
 97 |       finding: "Manual aggregation  ...
 98 |       change: >
Failed to load C:\Users\atfm0\Repositories\method\registry\P0-META\M2-MDIS\M2-MDIS.yaml: bad indentation of a mapping entry (173:3)

 170 |       - "Fabricate observations ( ...
 171 |       - "Skip trial (Ax-3: promot ...
 172 |       - "Compile the method direc ...
 173 |   coverage_claim: "Discoverer see ...
---------^
 174 |   authority_claim: "All five step ...
 175 |   role_partition_rationale: >
Failed to load C:\Users\atfm0\Repositories\method\registry\P0-META\RETRO-ARTIFACTS.yaml: bad indentation of a mapping entry (306:7)

 303 |       - "A gap candidate has clear ev ...
 304 |       - "A proposed delta exists with ...
 305 |       - "The registry maintainer deci ...
 306 |       note: >
-------------^
 307 |         Not every gap candidate trigg ...
 308 |         more evidence. Some wait for  ...
Failed to load C:\Users\atfm0\Repositories\method\registry\P0-META\RETRO-PROTO-PROMOTION.yaml: bad indentation of a mapping entry (96:5)

 93 |       The meta-retrospective identi ...
 94 |       These are incorporated into t ...
 95 | 
 96 |     - id: REF-01
----------^
 97 |       finding: "Manual aggregation  ...
 98 |       change: >
Failed to load C:\Users\atfm0\Repositories\method\registry\P0-META\M2-MDIS\M2-MDIS.yaml: bad indentation of a mapping entry (173:3)

 170 |       - "Fabricate observations ( ...
 171 |       - "Skip trial (Ax-3: promot ...
 172 |       - "Compile the method direc ...
 173 |   coverage_claim: "Discoverer see ...
---------^
 174 |   authority_claim: "All five step ...
 175 |   role_partition_rationale: >
Failed to load C:\Users\atfm0\Repositories\method\registry\P0-META\RETRO-ARTIFACTS.yaml: bad indentation of a mapping entry (306:7)

 303 |       - "A gap candidate has clear ev ...
 304 |       - "A proposed delta exists with ...
 305 |       - "The registry maintainer deci ...
 306 |       note: >
-------------^
 307 |         Not every gap candidate trigg ...
 308 |         more evidence. Some wait for  ...
Failed to load C:\Users\atfm0\Repositories\method\registry\P0-META\RETRO-PROTO-PROMOTION.yaml: bad indentation of a mapping entry (96:5)

 93 |       The meta-retrospective identi ...
 94 |       These are incorporated into t ...
 95 | 
 96 |     - id: REF-01
----------^
 97 |       finding: "Manual aggregation  ...
 98 |       change: >
Failed to load C:\Users\atfm0\Repositories\method\registry\P0-META\M2-MDIS\M2-MDIS.yaml: bad indentation of a mapping entry (173:3)

 170 |       - "Fabricate observations ( ...
 171 |       - "Skip trial (Ax-3: promot ...
 172 |       - "Compile the method direc ...
 173 |   coverage_claim: "Discoverer see ...
---------^
 174 |   authority_claim: "All five step ...
 175 |   role_partition_rationale: >
Failed to load C:\Users\atfm0\Repositories\method\registry\P0-META\RETRO-ARTIFACTS.yaml: bad indentation of a mapping entry (306:7)

 303 |       - "A gap candidate has clear ev ...
 304 |       - "A proposed delta exists with ...
 305 |       - "The registry maintainer deci ...
 306 |       note: >
-------------^
 307 |         Not every gap candidate trigg ...
 308 |         more evidence. Some wait for  ...
Failed to load C:\Users\atfm0\Repositories\method\registry\P0-META\RETRO-PROTO-PROMOTION.yaml: bad indentation of a mapping entry (96:5)

 93 |       The meta-retrospective identi ...
 94 |       These are incorporated into t ...
 95 | 
 96 |     - id: REF-01
----------^
 97 |       finding: "Manual aggregation  ...
 98 |       change: >
Failed to load C:\Users\atfm0\Repositories\method\registry\P0-META\M2-MDIS\M2-MDIS.yaml: bad indentation of a mapping entry (173:3)

 170 |       - "Fabricate observations ( ...
 171 |       - "Skip trial (Ax-3: promot ...
 172 |       - "Compile the method direc ...
 173 |   coverage_claim: "Discoverer see ...
---------^
 174 |   authority_claim: "All five step ...
 175 |   role_partition_rationale: >
Failed to load C:\Users\atfm0\Repositories\method\registry\P0-META\RETRO-ARTIFACTS.yaml: bad indentation of a mapping entry (306:7)

 303 |       - "A gap candidate has clear ev ...
 304 |       - "A proposed delta exists with ...
 305 |       - "The registry maintainer deci ...
 306 |       note: >
-------------^
 307 |         Not every gap candidate trigg ...
 308 |         more evidence. Some wait for  ...
Failed to load C:\Users\atfm0\Repositories\method\registry\P0-META\RETRO-PROTO-PROMOTION.yaml: bad indentation of a mapping entry (96:5)

 93 |       The meta-retrospective identi ...
 94 |       These are incorporated into t ...
 95 | 
 96 |     - id: REF-01
----------^
 97 |       finding: "Manual aggregation  ...
 98 |       change: >
Failed to load C:\Users\atfm0\Repositories\method\registry\P0-META\M2-MDIS\M2-MDIS.yaml: bad indentation of a mapping entry (173:3)

 170 |       - "Fabricate observations ( ...
 171 |       - "Skip trial (Ax-3: promot ...
 172 |       - "Compile the method direc ...
 173 |   coverage_claim: "Discoverer see ...
---------^
 174 |   authority_claim: "All five step ...
 175 |   role_partition_rationale: >
Failed to load C:\Users\atfm0\Repositories\method\registry\P0-META\RETRO-ARTIFACTS.yaml: bad indentation of a mapping entry (306:7)

 303 |       - "A gap candidate has clear ev ...
 304 |       - "A proposed delta exists with ...
 305 |       - "The registry maintainer deci ...
 306 |       note: >
-------------^
 307 |         Not every gap candidate trigg ...
 308 |         more evidence. Some wait for  ...
Failed to load C:\Users\atfm0\Repositories\method\registry\P0-META\RETRO-PROTO-PROMOTION.yaml: bad indentation of a mapping entry (96:5)

 93 |       The meta-retrospective identi ...
 94 |       These are incorporated into t ...
 95 | 
 96 |     - id: REF-01
----------^
 97 |       finding: "Manual aggregation  ...
 98 |       change: >
▶ IsolationValidator
  ▶ validate
    ▶ valid project IDs
      ✔ accepts simple alphanumeric project IDs (78.8266ms)
      ✔ accepts project IDs with hyphens (46.5092ms)
      ✔ accepts mixed case project IDs (42.0154ms)
      ✔ accepts single character project IDs (34.463ms)
    ✔ valid project IDs (202.9635ms)
    ▶ invalid project IDs
      ✔ rejects empty project ID (32.3153ms)
      ✔ rejects project ID with leading hyphen (32.7471ms)
      ✔ rejects project ID with trailing hyphen (29.5376ms)
      ✔ rejects project ID with invalid characters (26.687ms)
      ✔ rejects project ID with spaces (30.2213ms)
    ✔ invalid project IDs (152.0573ms)
    ▶ warnings for reserved namespaces
      ✔ warns on sys- prefix (27.3772ms)
      ✔ warns on internal- prefix (33.062ms)
      ✔ warns on reserved- prefix (27.6443ms)
      ✔ does not warn on non-reserved prefixes (29.0124ms)
    ✔ warnings for reserved namespaces (117.2931ms)
    ▶ registry checks
      ✔ returns accessible registry state (25.3133ms)
      ✔ validates against populated registry (29.1224ms)
    ✔ registry checks (54.5476ms)
    ▶ ValidationResult structure
      ✔ returns valid boolean flag (25.3791ms)
      ✔ returns violations array (33.3656ms)
      ✔ all violations have required fields (39.1489ms)
      ✔ valid flag matches error count (37.237ms)
    ✔ ValidationResult structure (135.3884ms)
  ✔ validate (662.8821ms)
✔ IsolationValidator (663.4061ms)
▶ JsonLineEventPersistence
  ✔ should append and query events round-trip (166.3882ms)
  ✔ should recover events after restart (172.9872ms)
  ✔ should filter events by projectId (164.0786ms)
  ✔ should filter events by type (154.5736ms)
  ✔ should return latest N events (154.6713ms)
  ✔ should rotate file at 5MB (265.9644ms)
  ✔ should recover with empty file (2.9961ms)
  ✔ should handle concurrent appends (164.123ms)
  ✔ should filter by date range (153.7269ms)
  ✔ should serialize and deserialize events correctly (2.2535ms)
  ✔ should write JSONL format (one object per line) (153.8992ms)
Warning: Failed to parse event at line 2 in C:\Users\atfm0\AppData\Local\Temp\jsonl-persistence-test-f681f725-d896-4d72-9c39-20e2133252a1\test-events.jsonl: SyntaxError: Unexpected token 'i', "invalid json {" is not valid JSON
    at JSON.parse (<anonymous>)
    at Interface.<anonymous> (C:\Users\atfm0\Repositories\method\packages\core\src\events\jsonl-event-persistence.ts:157:31)
    at Interface.emit (node:events:508:28)
    at [_onLine] [as _onLine] (node:internal/readline/interface:465:12)
    at [_normalWrite] [as _normalWrite] (node:internal/readline/interface:647:22)
    at ReadStream.ondata (node:internal/readline/interface:263:23)
    at ReadStream.emit (node:events:508:28)
    at addChunk (node:internal/streams/readable:559:12)
    at readableAddChunkPushByteMode (node:internal/streams/readable:510:3)
    at Readable.push (node:internal/streams/readable:390:5)
Migrating events from C:\Users\atfm0\AppData\Local\Temp\jsonl-persistence-test-3acdb7bf-e3ae-474e-ba15-b8e4c9bdeccd\test-events.yaml to C:\Users\atfm0\AppData\Local\Temp\jsonl-persistence-test-3acdb7bf-e3ae-474e-ba15-b8e4c9bdeccd\test-events.jsonl
Successfully migrated to C:\Users\atfm0\AppData\Local\Temp\jsonl-persistence-test-3acdb7bf-e3ae-474e-ba15-b8e4c9bdeccd\test-events.jsonl
  ✔ should migrate from YAML format on first run (15.3988ms)
  ✔ should skip migration if JSONL already exists (4.9397ms)
  ✔ should handle malformed JSONL lines gracefully (6.773ms)
  ✔ should use streaming reader for large files (13.5875ms)
  ✔ should preserve event order in JSONL (159.0659ms)
✔ JsonLineEventPersistence (1757.9824ms)
▶ ProjectEvent
  ▶ createProjectEvent
    ✔ creates an event with all required fields (1.7229ms)
    ✔ creates an event with default empty data and metadata (0.1841ms)
    ✔ generates unique IDs for multiple events (0.1555ms)
    ✔ timestamps are close together for events created in quick succession (0.1721ms)
  ✔ createProjectEvent (2.9918ms)
  ▶ serializeProjectEvent
    ✔ serializes to plain object (0.7542ms)
    ✔ converts timestamp to ISO string (0.2515ms)
  ✔ serializeProjectEvent (1.1976ms)
  ▶ deserializeProjectEvent
    ✔ deserializes a valid event from plain object (0.3326ms)
    ✔ throws on missing id (0.5562ms)
    ✔ throws on invalid type (0.2585ms)
    ✔ throws on missing projectId (0.2451ms)
    ✔ throws on invalid timestamp (0.1463ms)
    ✔ handles Date timestamp directly (0.1029ms)
    ✔ supports all ProjectEventType values (0.1595ms)
  ✔ deserializeProjectEvent (2.1332ms)
  ▶ round-trip serialization
    ✔ deserialize(serialize(event)) === event (0.1682ms)
  ✔ round-trip serialization (0.2484ms)
✔ ProjectEvent (7.1796ms)
Failed to load C:\Users\atfm0\Repositories\method\registry\P0-META\M2-MDIS\M2-MDIS.yaml: bad indentation of a mapping entry (173:3)

 170 |       - "Fabricate observations ( ...
 171 |       - "Skip trial (Ax-3: promot ...
 172 |       - "Compile the method direc ...
 173 |   coverage_claim: "Discoverer see ...
---------^
 174 |   authority_claim: "All five step ...
 175 |   role_partition_rationale: >
Failed to load C:\Users\atfm0\Repositories\method\registry\P0-META\RETRO-ARTIFACTS.yaml: bad indentation of a mapping entry (306:7)

 303 |       - "A gap candidate has clear ev ...
 304 |       - "A proposed delta exists with ...
 305 |       - "The registry maintainer deci ...
 306 |       note: >
-------------^
 307 |         Not every gap candidate trigg ...
 308 |         more evidence. Some wait for  ...
Failed to load C:\Users\atfm0\Repositories\method\registry\P0-META\RETRO-PROTO-PROMOTION.yaml: bad indentation of a mapping entry (96:5)

 93 |       The meta-retrospective identi ...
 94 |       These are incorporated into t ...
 95 | 
 96 |     - id: REF-01
----------^
 97 |       finding: "Manual aggregation  ...
 98 |       change: >
Failed to load C:\Users\atfm0\Repositories\method\registry\P0-META\M2-MDIS\M2-MDIS.yaml: bad indentation of a mapping entry (173:3)

 170 |       - "Fabricate observations ( ...
 171 |       - "Skip trial (Ax-3: promot ...
 172 |       - "Compile the method direc ...
 173 |   coverage_claim: "Discoverer see ...
---------^
 174 |   authority_claim: "All five step ...
 175 |   role_partition_rationale: >
Failed to load C:\Users\atfm0\Repositories\method\registry\P0-META\RETRO-ARTIFACTS.yaml: bad indentation of a mapping entry (306:7)

 303 |       - "A gap candidate has clear ev ...
 304 |       - "A proposed delta exists with ...
 305 |       - "The registry maintainer deci ...
 306 |       note: >
-------------^
 307 |         Not every gap candidate trigg ...
 308 |         more evidence. Some wait for  ...
Failed to load C:\Users\atfm0\Repositories\method\registry\P0-META\RETRO-PROTO-PROMOTION.yaml: bad indentation of a mapping entry (96:5)

 93 |       The meta-retrospective identi ...
 94 |       These are incorporated into t ...
 95 | 
 96 |     - id: REF-01
----------^
 97 |       finding: "Manual aggregation  ...
 98 |       change: >
Failed to load C:\Users\atfm0\Repositories\method\registry\P0-META\M2-MDIS\M2-MDIS.yaml: bad indentation of a mapping entry (173:3)

 170 |       - "Fabricate observations ( ...
 171 |       - "Skip trial (Ax-3: promot ...
 172 |       - "Compile the method direc ...
 173 |   coverage_claim: "Discoverer see ...
---------^
 174 |   authority_claim: "All five step ...
 175 |   role_partition_rationale: >
Failed to load C:\Users\atfm0\Repositories\method\registry\P0-META\RETRO-ARTIFACTS.yaml: bad indentation of a mapping entry (306:7)

 303 |       - "A gap candidate has clear ev ...
 304 |       - "A proposed delta exists with ...
 305 |       - "The registry maintainer deci ...
 306 |       note: >
-------------^
 307 |         Not every gap candidate trigg ...
 308 |         more evidence. Some wait for  ...
Failed to load C:\Users\atfm0\Repositories\method\registry\P0-META\RETRO-PROTO-PROMOTION.yaml: bad indentation of a mapping entry (96:5)

 93 |       The meta-retrospective identi ...
 94 |       These are incorporated into t ...
 95 | 
 96 |     - id: REF-01
----------^
 97 |       finding: "Manual aggregation  ...
 98 |       change: >
Failed to load C:\Users\atfm0\Repositories\method\registry\P0-META\M2-MDIS\M2-MDIS.yaml: bad indentation of a mapping entry (173:3)

 170 |       - "Fabricate observations ( ...
 171 |       - "Skip trial (Ax-3: promot ...
 172 |       - "Compile the method direc ...
 173 |   coverage_claim: "Discoverer see ...
---------^
 174 |   authority_claim: "All five step ...
 175 |   role_partition_rationale: >
Failed to load C:\Users\atfm0\Repositories\method\registry\P0-META\RETRO-ARTIFACTS.yaml: bad indentation of a mapping entry (306:7)

 303 |       - "A gap candidate has clear ev ...
 304 |       - "A proposed delta exists with ...
 305 |       - "The registry maintainer deci ...
 306 |       note: >
-------------^
 307 |         Not every gap candidate trigg ...
 308 |         more evidence. Some wait for  ...
Failed to load C:\Users\atfm0\Repositories\method\registry\P0-META\RETRO-PROTO-PROMOTION.yaml: bad indentation of a mapping entry (96:5)

 93 |       The meta-retrospective identi ...
 94 |       These are incorporated into t ...
 95 | 
 96 |     - id: REF-01
----------^
 97 |       finding: "Manual aggregation  ...
 98 |       change: >
Failed to load C:\Users\atfm0\Repositories\method\registry\P0-META\M2-MDIS\M2-MDIS.yaml: bad indentation of a mapping entry (173:3)

 170 |       - "Fabricate observations ( ...
 171 |       - "Skip trial (Ax-3: promot ...
 172 |       - "Compile the method direc ...
 173 |   coverage_claim: "Discoverer see ...
---------^
 174 |   authority_claim: "All five step ...
 175 |   role_partition_rationale: >
Failed to load C:\Users\atfm0\Repositories\method\registry\P0-META\RETRO-ARTIFACTS.yaml: bad indentation of a mapping entry (306:7)

 303 |       - "A gap candidate has clear ev ...
 304 |       - "A proposed delta exists with ...
 305 |       - "The registry maintainer deci ...
 306 |       note: >
-------------^
 307 |         Not every gap candidate trigg ...
 308 |         more evidence. Some wait for  ...
Failed to load C:\Users\atfm0\Repositories\method\registry\P0-META\RETRO-PROTO-PROMOTION.yaml: bad indentation of a mapping entry (96:5)

 93 |       The meta-retrospective identi ...
 94 |       These are incorporated into t ...
 95 | 
 96 |     - id: REF-01
----------^
 97 |       finding: "Manual aggregation  ...
 98 |       change: >
Failed to load C:\Users\atfm0\Repositories\method\registry\P0-META\M2-MDIS\M2-MDIS.yaml: bad indentation of a mapping entry (173:3)

 170 |       - "Fabricate observations ( ...
 171 |       - "Skip trial (Ax-3: promot ...
 172 |       - "Compile the method direc ...
 173 |   coverage_claim: "Discoverer see ...
---------^
 174 |   authority_claim: "All five step ...
 175 |   role_partition_rationale: >
Failed to load C:\Users\atfm0\Repositories\method\registry\P0-META\RETRO-ARTIFACTS.yaml: bad indentation of a mapping entry (306:7)

 303 |       - "A gap candidate has clear ev ...
 304 |       - "A proposed delta exists with ...
 305 |       - "The registry maintainer deci ...
 306 |       note: >
-------------^
 307 |         Not every gap candidate trigg ...
 308 |         more evidence. Some wait for  ...
Failed to load C:\Users\atfm0\Repositories\method\registry\P0-META\RETRO-PROTO-PROMOTION.yaml: bad indentation of a mapping entry (96:5)

 93 |       The meta-retrospective identi ...
 94 |       These are incorporated into t ...
 95 | 
 96 |     - id: REF-01
----------^
 97 |       finding: "Manual aggregation  ...
 98 |       change: >
Failed to load C:\Users\atfm0\Repositories\method\registry\P0-META\M2-MDIS\M2-MDIS.yaml: bad indentation of a mapping entry (173:3)

 170 |       - "Fabricate observations ( ...
 171 |       - "Skip trial (Ax-3: promot ...
 172 |       - "Compile the method direc ...
 173 |   coverage_claim: "Discoverer see ...
---------^
 174 |   authority_claim: "All five step ...
 175 |   role_partition_rationale: >
Failed to load C:\Users\atfm0\Repositories\method\registry\P0-META\RETRO-ARTIFACTS.yaml: bad indentation of a mapping entry (306:7)

 303 |       - "A gap candidate has clear ev ...
 304 |       - "A proposed delta exists with ...
 305 |       - "The registry maintainer deci ...
 306 |       note: >
-------------^
 307 |         Not every gap candidate trigg ...
 308 |         more evidence. Some wait for  ...
Failed to load C:\Users\atfm0\Repositories\method\registry\P0-META\RETRO-PROTO-PROMOTION.yaml: bad indentation of a mapping entry (96:5)

 93 |       The meta-retrospective identi ...
 94 |       These are incorporated into t ...
 95 | 
 96 |     - id: REF-01
----------^
 97 |       finding: "Manual aggregation  ...
 98 |       change: >
Failed to load C:\Users\atfm0\Repositories\method\registry\P0-META\M2-MDIS\M2-MDIS.yaml: bad indentation of a mapping entry (173:3)

 170 |       - "Fabricate observations ( ...
 171 |       - "Skip trial (Ax-3: promot ...
 172 |       - "Compile the method direc ...
 173 |   coverage_claim: "Discoverer see ...
---------^
 174 |   authority_claim: "All five step ...
 175 |   role_partition_rationale: >
Failed to load C:\Users\atfm0\Repositories\method\registry\P0-META\RETRO-ARTIFACTS.yaml: bad indentation of a mapping entry (306:7)

 303 |       - "A gap candidate has clear ev ...
 304 |       - "A proposed delta exists with ...
 305 |       - "The registry maintainer deci ...
 306 |       note: >
-------------^
 307 |         Not every gap candidate trigg ...
 308 |         more evidence. Some wait for  ...
Failed to load C:\Users\atfm0\Repositories\method\registry\P0-META\RETRO-PROTO-PROMOTION.yaml: bad indentation of a mapping entry (96:5)

 93 |       The meta-retrospective identi ...
 94 |       These are incorporated into t ...
 95 | 
 96 |     - id: REF-01
----------^
 97 |       finding: "Manual aggregation  ...
 98 |       change: >
Failed to load C:\Users\atfm0\Repositories\method\registry\P0-META\M2-MDIS\M2-MDIS.yaml: bad indentation of a mapping entry (173:3)

 170 |       - "Fabricate observations ( ...
 171 |       - "Skip trial (Ax-3: promot ...
 172 |       - "Compile the method direc ...
 173 |   coverage_claim: "Discoverer see ...
---------^
 174 |   authority_claim: "All five step ...
 175 |   role_partition_rationale: >
Failed to load C:\Users\atfm0\Repositories\method\registry\P0-META\RETRO-ARTIFACTS.yaml: bad indentation of a mapping entry (306:7)

 303 |       - "A gap candidate has clear ev ...
 304 |       - "A proposed delta exists with ...
 305 |       - "The registry maintainer deci ...
 306 |       note: >
-------------^
 307 |         Not every gap candidate trigg ...
 308 |         more evidence. Some wait for  ...
Failed to load C:\Users\atfm0\Repositories\method\registry\P0-META\RETRO-PROTO-PROMOTION.yaml: bad indentation of a mapping entry (96:5)

 93 |       The meta-retrospective identi ...
 94 |       These are incorporated into t ...
 95 | 
 96 |     - id: REF-01
----------^
 97 |       finding: "Manual aggregation  ...
 98 |       change: >
Failed to load C:\Users\atfm0\Repositories\method\registry\P0-META\M2-MDIS\M2-MDIS.yaml: bad indentation of a mapping entry (173:3)

 170 |       - "Fabricate observations ( ...
 171 |       - "Skip trial (Ax-3: promot ...
 172 |       - "Compile the method direc ...
 173 |   coverage_claim: "Discoverer see ...
---------^
 174 |   authority_claim: "All five step ...
 175 |   role_partition_rationale: >
Failed to load C:\Users\atfm0\Repositories\method\registry\P0-META\RETRO-ARTIFACTS.yaml: bad indentation of a mapping entry (306:7)

 303 |       - "A gap candidate has clear ev ...
 304 |       - "A proposed delta exists with ...
 305 |       - "The registry maintainer deci ...
 306 |       note: >
-------------^
 307 |         Not every gap candidate trigg ...
 308 |         more evidence. Some wait for  ...
Failed to load C:\Users\atfm0\Repositories\method\registry\P0-META\RETRO-PROTO-PROMOTION.yaml: bad indentation of a mapping entry (96:5)

 93 |       The meta-retrospective identi ...
 94 |       These are incorporated into t ...
 95 | 
 96 |     - id: REF-01
----------^
 97 |       finding: "Manual aggregation  ...
 98 |       change: >
Failed to load C:\Users\atfm0\Repositories\method\registry\P0-META\M2-MDIS\M2-MDIS.yaml: bad indentation of a mapping entry (173:3)

 170 |       - "Fabricate observations ( ...
 171 |       - "Skip trial (Ax-3: promot ...
 172 |       - "Compile the method direc ...
 173 |   coverage_claim: "Discoverer see ...
---------^
 174 |   authority_claim: "All five step ...
 175 |   role_partition_rationale: >
Failed to load C:\Users\atfm0\Repositories\method\registry\P0-META\RETRO-ARTIFACTS.yaml: bad indentation of a mapping entry (306:7)

 303 |       - "A gap candidate has clear ev ...
 304 |       - "A proposed delta exists with ...
 305 |       - "The registry maintainer deci ...
 306 |       note: >
-------------^
 307 |         Not every gap candidate trigg ...
 308 |         more evidence. Some wait for  ...
Failed to load C:\Users\atfm0\Repositories\method\registry\P0-META\RETRO-PROTO-PROMOTION.yaml: bad indentation of a mapping entry (96:5)

 93 |       The meta-retrospective identi ...
 94 |       These are incorporated into t ...
 95 | 
 96 |     - id: REF-01
----------^
 97 |       finding: "Manual aggregation  ...
 98 |       change: >
▶ InMemoryProjectRegistry
  ▶ initialize
    ✔ initializes without throwing (81.0026ms)
    ✔ idempotent — can be called multiple times (59.6024ms)
  ✔ initialize (142.2446ms)
  ▶ find
    ✔ throws if registry not initialized (48.8135ms)
    ✔ returns undefined for non-existent specs (42.3102ms)
    ✔ finds real specs from registry by ID (49.9499ms)
    ✔ finds real specs from registry by name (35.7246ms)
  ✔ find (177.2734ms)
  ▶ list
    ✔ returns array of specs (38.197ms)
    ✔ does not return duplicate specs (43.6447ms)
    ✔ all specs have required fields (45.9342ms)
    ✔ throws if not initialized (42.566ms)
  ✔ list (170.7558ms)
  ▶ getByName
    ✔ alias for find (40.0519ms)
  ✔ getByName (40.2182ms)
  ▶ verify
    ✔ accepts valid spec (0.5951ms)
    ✔ rejects spec with missing id (0.2011ms)
    ✔ rejects spec with missing name (0.1164ms)
    ✔ rejects spec with missing version (0.1041ms)
    ✔ warns on non-semver version (0.0923ms)
    ✔ accepts semver versions (0.1439ms)
    ✔ allows extra fields in spec (0.1173ms)
  ✔ verify (1.6079ms)
✔ InMemoryProjectRegistry (533.3969ms)
▶ parseStrategyYaml
  ✔ parses a valid Strategy YAML string into StrategyDAG (3.484ms)
  ✔ parses nodes with correct types and dependencies (1.1885ms)
  ✔ applies default retries and timeout to gates (0.6596ms)
  ✔ parses capabilities and oversight rules (0.4613ms)
  ✔ parses a Strategy with script nodes (0.2699ms)
  ✔ parses strategy_gates (0.2619ms)
✔ parseStrategyYaml (7.2868ms)
▶ parseStrategyObject
  ✔ transforms a pre-parsed YAML object into StrategyDAG (0.558ms)
  ✔ handles empty optional fields gracefully (0.3051ms)
✔ parseStrategyObject (1.1818ms)
▶ validateStrategyDAG
  ✔ valid DAG passes validation (1.2814ms)
  ✔ detects cyclic dependency (A -> B -> A) (0.3953ms)
  ✔ detects missing depends_on reference (0.2901ms)
  ✔ detects duplicate node IDs (0.2054ms)
  ✔ detects invalid capability reference (0.3137ms)
  ✔ detects gate expression syntax error (0.4424ms)
  ✔ returns multiple errors at once (0.2938ms)
  ✔ detects invalid strategy_gates depends_on reference (0.3005ms)
✔ validateStrategyDAG (3.9749ms)
▶ topologicalSort
  ✔ linear chain: A -> B -> C produces [[A], [B], [C]] (0.4103ms)
  ✔ diamond: A -> B, A -> C, B -> D, C -> D produces [[A], [B, C], [D]] (0.216ms)
  ✔ independent nodes at same level (0.1768ms)
  ✔ single node produces [[node]] (0.1393ms)
  ✔ throws on cyclic DAG (0.6155ms)
✔ topologicalSort (1.7869ms)
▶ StrategyExecutor
  ✔ 3-node Strategy end-to-end: methodology -> methodology -> script (5.5778ms)
  ✔ parallel execution: two independent nodes (63.2833ms)
  ✔ gate failure with retry: first attempt fails, second succeeds (1.1862ms)
  ✔ gate failure exhausts retries: node status is gate_failed (0.8278ms)
  ✔ script node executes correctly: inputs flow in, output stored (0.6052ms)
  ✔ artifact dependency filtering: node receives only declared inputs (0.5273ms)
  ✔ oversight rule triggers on high cost (0.5901ms)
  ✔ context inputs stored as initial artifacts (0.3378ms)
  ✔ escalate_to_human oversight rule suspends execution (1.0335ms)
  ✔ getState() returns null before execution (0.152ms)
  ✔ getState() returns state during/after execution (0.3695ms)
  ✔ invalid DAG throws during execution (0.3593ms)
  ✔ strategy gate failure causes failed status (0.5022ms)
  ✔ methodology node with empty methodology field fails validation (0.2105ms)
  ✔ methodology node with missing methodology field fails validation (0.1429ms)
  ✔ LLM response without JSON code block is handled gracefully (0.4866ms)
  ✔ context continuity with refresh_context flag (0.9558ms)
✔ StrategyExecutor (77.8259ms)
▶ StrategyExecutor — timeout enforcement
  ✔ provider that completes within timeout succeeds (21.3633ms)
  ✔ provider that rejects immediately is caught as node failure (0.6533ms)
✔ StrategyExecutor — timeout enforcement (22.1543ms)
▶ P2 — lookupTheory with Unicode normalization
  ✔ "Phi-Schema" returns F4-PHI.md content (3.7637ms)
  ✔ "sigma" matches Sigma references via Unicode normalization (1.9198ms)
  ✔ "delta" matches delta references via Unicode normalization (0.6743ms)
✔ P2 — lookupTheory with Unicode normalization (7.3952ms)
▶ P2 — lookupTheory existing queries still work
  ✔ "domain retraction" returns results (0.4125ms)
  ✔ "methodology" returns results (0.3775ms)
  ✔ "coalgebra" returns results (1.6891ms)
✔ P2 — lookupTheory existing queries still work (2.7021ms)
